Archive member included to satisfy reference by file (symbol)

C:/devkitPro/libnx/lib\libnx.a(console.o)
                              main.o (consoleInit)
C:/devkitPro/libnx/lib\libnx.a(applet.o)
                              main.o (appletMainLoop)
C:/devkitPro/libnx/lib\libnx.a(hid.o)
                              main.o (hidKeysDown)
C:/devkitPro/libnx/lib\libnx.a(sm.o)
                              C:/devkitPro/libnx/lib\libnx.a(applet.o) (smGetService)
C:/devkitPro/libnx/lib\libnx.a(fatal.o)
                              C:/devkitPro/libnx/lib\libnx.a(applet.o) (fatalSimple)
C:/devkitPro/libnx/lib\libnx.a(apm.o)
                              C:/devkitPro/libnx/lib\libnx.a(applet.o) (apmExit)
C:/devkitPro/libnx/lib\libnx.a(gfx.o)
                              C:/devkitPro/libnx/lib\libnx.a(console.o) (g_gfx_framebuf_display_height)
C:/devkitPro/libnx/lib\libnx.a(nvgfx.o)
                              C:/devkitPro/libnx/lib\libnx.a(gfx.o) (nvgfxInitialize)
C:/devkitPro/libnx/lib\libnx.a(nvhost-ctrl.o)
                              C:/devkitPro/libnx/lib\libnx.a(nvgfx.o) (nvioctlNvhostCtrl_EventWait)
C:/devkitPro/libnx/lib\libnx.a(nvhost-ctrl-gpu.o)
                              C:/devkitPro/libnx/lib\libnx.a(nvgfx.o) (nvioctlNvhostCtrlGpu_ZCullGetCtxSize)
C:/devkitPro/libnx/lib\libnx.a(nvhost-as-gpu.o)
                              C:/devkitPro/libnx/lib\libnx.a(nvgfx.o) (nvioctlNvhostAsGpu_BindChannel)
C:/devkitPro/libnx/lib\libnx.a(channel.o)
                              C:/devkitPro/libnx/lib\libnx.a(nvgfx.o) (nvioctlChannel_SetNvmapFd)
C:/devkitPro/libnx/lib\libnx.a(nvmap.o)
                              C:/devkitPro/libnx/lib\libnx.a(nvgfx.o) (nvioctlNvmap_Create)
C:/devkitPro/libnx/lib\libnx.a(cache.o)
                              C:/devkitPro/libnx/lib\libnx.a(gfx.o) (armDCacheFlush)
C:/devkitPro/libnx/lib\libnx.a(switch_crt0.o)
                              (_start)
C:/devkitPro/libnx/lib\libnx.a(svc.o)
                              C:/devkitPro/libnx/lib\libnx.a(applet.o) (svcSleepThread)
C:/devkitPro/libnx/lib\libnx.a(default_font.bin.o)
                              C:/devkitPro/libnx/lib\libnx.a(console.o) (default_font_bin)
C:/devkitPro/libnx/lib\libnx.a(dynamic.o)
                              C:/devkitPro/libnx/lib\libnx.a(switch_crt0.o) (__nx_dynamic)
C:/devkitPro/libnx/lib\libnx.a(init.o)
                              C:/devkitPro/libnx/lib\libnx.a(switch_crt0.o) (__libnx_init)
C:/devkitPro/libnx/lib\libnx.a(env.o)
                              C:/devkitPro/libnx/lib\libnx.a(init.o) (envSetup)
C:/devkitPro/libnx/lib\libnx.a(newlib.o)
                              C:/devkitPro/libnx/lib\libnx.a(init.o) (newlibSetup)
C:/devkitPro/libnx/lib\libnx.a(argv.o)
                              C:/devkitPro/libnx/lib\libnx.a(init.o) (argvSetup)
C:/devkitPro/libnx/lib\libnx.a(detect.o)
                              C:/devkitPro/libnx/lib\libnx.a(applet.o) (kernelAbove200)
C:/devkitPro/libnx/lib\libnx.a(shmem.o)
                              C:/devkitPro/libnx/lib\libnx.a(hid.o) (shmemLoadRemote)
C:/devkitPro/libnx/lib\libnx.a(rwlock.o)
                              C:/devkitPro/libnx/lib\libnx.a(hid.o) (rwlockReadLock)
C:/devkitPro/libnx/lib\libnx.a(mutex.o)
                              C:/devkitPro/libnx/lib\libnx.a(newlib.o) (mutexLock)
C:/devkitPro/libnx/lib\libnx.a(virtmem.o)
                              C:/devkitPro/libnx/lib\libnx.a(init.o) (virtmemSetup)
C:/devkitPro/libnx/lib\libnx.a(fs_dev.o)
                              C:/devkitPro/libnx/lib\libnx.a(init.o) (fsdevInit)
C:/devkitPro/libnx/lib\libnx.a(nv.o)
                              C:/devkitPro/libnx/lib\libnx.a(gfx.o) (nvExit)
C:/devkitPro/libnx/lib\libnx.a(time.o)
                              C:/devkitPro/libnx/lib\libnx.a(init.o) (timeExit)
C:/devkitPro/libnx/lib\libnx.a(vi.o)
                              C:/devkitPro/libnx/lib\libnx.a(gfx.o) (viExit)
C:/devkitPro/libnx/lib\libnx.a(fs.o)
                              C:/devkitPro/libnx/lib\libnx.a(init.o) (fsInitialize)
C:/devkitPro/libnx/lib\libnx.a(buffer_producer.o)
                              C:/devkitPro/libnx/lib\libnx.a(gfx.o) (bufferProducerInitialize)
C:/devkitPro/libnx/lib\libnx.a(binder.o)
                              C:/devkitPro/libnx/lib\libnx.a(gfx.o) (binderCreateSession)
C:/devkitPro/libnx/lib\libnx.a(parcel.o)
                              C:/devkitPro/libnx/lib\libnx.a(buffer_producer.o) (parcelInitialize)
C:/devkitPro/libnx/lib\libnx.a(decode_utf8.o)
                              C:/devkitPro/libnx/lib\libnx.a(fs_dev.o) (decode_utf8)
C:/devkitPro/libnx/lib\libnx.a(readtp.o)
                              C:/devkitPro/libnx/lib\libnx.a(fs_dev.o) (__aarch64_read_tp)
C:/devkitPro/libnx/lib\libnx.a(tmem.o)
                              C:/devkitPro/libnx/lib\libnx.a(nv.o) (tmemCreate)
c:/devkitpro/devkita64/bin/../lib/gcc/aarch64-none-elf/7.3.0/../../../../aarch64-none-elf/lib/pic\libg.a(lib_a-bsearch.o)
[...]
Memory Configuration

Name             Origin             Length             Attributes
*default*        0x0000000000000000 0xffffffffffffffff

Linker script and memory map

                0x0000000000000000                PROVIDE (__start__ = 0x0)
                0x0000000000000000                . = __start__

.crt0           0x0000000000000000      0x118
 *(.crt0)
 .crt0          0x0000000000000000      0x114 C:/devkitPro/libnx/lib\libnx.a(switch_crt0.o)
                0x0000000000000000                _start
                0x0000000000000104                __nx_exit
                0x0000000000000118                . = ALIGN (0x8)
 *fill*         0x0000000000000114        0x4 

.init           0x0000000000000118       0x38
 *(.init)
 .init          0x0000000000000118       0x18 c:/devkitpro/devkita64/bin/../lib/gcc/aarch64-none-elf/7.3.0/pic/crti.o
                0x0000000000000118                _init
 .init          0x0000000000000130       0x1c c:/devkitpro/devkita64/bin/../lib/gcc/aarch64-none-elf/7.3.0/pic/crtn.o
                0x0000000000000150                . = ALIGN (0x8)
 *fill*         0x000000000000014c        0x4 

.plt            0x0000000000000150        0x0
 *(.plt)
 .plt           0x0000000000000150        0x0 c:/devkitpro/devkita64/bin/../lib/gcc/aarch64-none-elf/7.3.0/pic/crti.o
 *(.iplt)
                0x0000000000000150                . = ALIGN (0x8)

.text           0x0000000000000180    0x28b80
 *(.text.unlikely .text.*_unlikely .text.unlikely.*)
 .text.unlikely.sulp
                0x0000000000000180       0x54 c:/devkitpro/devkita64/bin/../lib/gcc/aarch64-none-elf/7.3.0/../../../../aarch64-none-elf/lib/pic\libg.a(lib_a-strtod.o)
 *(.text.exit .text.exit.*)
 *(.text.startup .text.startup.*)
 *fill*         0x00000000000001d4        0xc 
 .text.startup.main
                0x00000000000001e0      0x140 main.o
                0x00000000000001e0                main
 *(.text.hot .text.hot.*)
 *(.text .stub .text.* .gnu.linkonce.t.*)
 .text.deregister_tm_clones
                0x0000000000000320       0x2c c:/devkitpro/devkita64/bin/../lib/gcc/aarch64-none-elf/7.3.0/pic/crtbegin.o
 *fill*         0x000000000000034c        0x4 
 .text.register_tm_clones
                0x0000000000000350       0x3c c:/devkitpro/devkita64/bin/../lib/gcc/aarch64-none-elf/7.3.0/pic/crtbegin.o
 *fill*         0x000000000000038c        0x4 
 .text.__do_global_dtors_aux
                0x0000000000000390       0x48 c:/devkitpro/devkita64/bin/../lib/gcc/aarch64-none-elf/7.3.0/pic/crtbegin.o
 .text.frame_dummy
                0x00000000000003d8       0x34 c:/devkitpro/devkita64/bin/../lib/gcc/aarch64-none-elf/7.3.0/pic/crtbegin.o
 *fill*         0x000000000000040c        0x4 
 .text.intTextbox
                0x0000000000000410      0x348 main.o
                0x0000000000000410                intTextbox
 *fill*         0x0000000000000758        0x8 
 .text.setItem  0x0000000000000760      0x200 main.o
                0x0000000000000760                setItem
 .text.setFile  0x0000000000000960       0xdc main.o
                0x0000000000000960                setFile
 *fill*         0x0000000000000a3c        0x4 
 .text.confirmButton
                0x0000000000000a40      0x1f4 main.o
                0x0000000000000a40                confirmButton
 *fill*         0x0000000000000c34        0xc 
 .text.consoleDrawChar
                0x0000000000000c40      0x2b4 C:/devkitPro/libnx/lib\libnx.a(console.o)
                0x0000000000000c40                consoleDrawChar
 *fill*         0x0000000000000ef4        0xc 
 .text.consolePrintChar
                0x0000000000000f00      0x164 C:/devkitPro/libnx/lib\libnx.a(console.o)
                0x0000000000000f00                consolePrintChar
 *fill*         0x0000000000001064        0xc 
 .text.consoleClearLine
                0x0000000000001070      0x18c C:/devkitPro/libnx/lib\libnx.a(console.o)
 *fill*         0x00000000000011fc        0x4 
 .text.newRow   0x0000000000001200      0x1c4 C:/devkitPro/libnx/lib\libnx.a(console.o)
 *fill*         0x00000000000013c4        0xc 
 .text.consoleCls
                0x00000000000013d0      0x1bc C:/devkitPro/libnx/lib\libnx.a(console.o)
 *fill*         0x000000000000158c        0x4 
 .text.consoleInit
                0x0000000000001590       0xf4 C:/devkitPro/libnx/lib\libnx.a(console.o)
                0x0000000000001590                consoleInit
 *fill*         0x0000000000001684        0xc 
 .text.con_write
                0x0000000000001690      0x864 C:/devkitPro/libnx/lib\libnx.a(console.o)
 *fill*         0x0000000000001ef4        0xc 
 .text.consoleClear
                0x0000000000001f00        0xc C:/devkitPro/libnx/lib\libnx.a(console.o)
                0x0000000000001f00                consoleClear
 *fill*         0x0000000000001f0c        0x4 
 .text.ipcCloseObjectById
                0x0000000000001f10       0x34 C:/devkitPro/libnx/lib\libnx.a(applet.o)
 *fill*         0x0000000000001f44        0xc 
 .text._appletGetHandle
                0x0000000000001f50      0x120 C:/devkitPro/libnx/lib\libnx.a(applet.o)
 .text._appletGetOperationMode.constprop.12
                0x0000000000002070       0xe0 C:/devkitPro/libnx/lib\libnx.a(applet.o)
 .text._appletGetPerformanceMode.constprop.13
                0x0000000000002150       0xe0 C:/devkitPro/libnx/lib\libnx.a(applet.o)
 .text._appletReceiveMessage
                0x0000000000002230       0xe8 C:/devkitPro/libnx/lib\libnx.a(applet.o)
 *fill*         0x0000000000002318        0x8 
 .text._appletGetCurrentFocusState.constprop.14
                0x0000000000002320       0xe0 C:/devkitPro/libnx/lib\libnx.a(applet.o)
 .text._appletAcquireForegroundRights
                0x0000000000002400       0xcc C:/devkitPro/libnx/lib\libnx.a(applet.o)
 *fill*         0x00000000000024cc        0x4 
 .text._appletSetOperationModeChangedNotification.constprop.15
                0x00000000000024d0       0xd4 C:/devkitPro/libnx/lib\libnx.a(applet.o)
 *fill*         0x00000000000025a4        0xc 
 .text._appletSetOutOfFocusSuspendingEnabled
                0x00000000000025b0       0xcc C:/devkitPro/libnx/lib\libnx.a(applet.o)
 *fill*         0x000000000000267c        0x4 
 .text._appletSetPerformanceModeChangedNotification.constprop.16
                0x0000000000002680       0xd4 C:/devkitPro/libnx/lib\libnx.a(applet.o)
 *fill*         0x0000000000002754        0xc 
 .text._appletSetFocusHandlingMode
                0x0000000000002760       0xd4 C:/devkitPro/libnx/lib\libnx.a(applet.o)
 *fill*         0x0000000000002834        0xc 
 .text._appletGetAppletResourceUserId.constprop.10
                0x0000000000002840       0xe0 C:/devkitPro/libnx/lib\libnx.a(applet.o)
 .text._appletGetSessionProxy.constprop.9
                0x0000000000002920      0x148 C:/devkitPro/libnx/lib\libnx.a(applet.o)
 *fill*         0x0000000000002a68        0x8 
 .text.appletExit
                0x0000000000002a70      0x3cc C:/devkitPro/libnx/lib\libnx.a(applet.o)
                0x0000000000002a70                appletExit
 *fill*         0x0000000000002e3c        0x4 
 .text.appletHook
                0x0000000000002e40       0x28 C:/devkitPro/libnx/lib\libnx.a(applet.o)
                0x0000000000002e40                appletHook
 *fill*         0x0000000000002e68        0x8 
 .text.appletUnhook
                0x0000000000002e70       0x34 C:/devkitPro/libnx/lib\libnx.a(applet.o)
                0x0000000000002e70                appletUnhook
 *fill*         0x0000000000002ea4        0xc 
 .text.appletGetAppletResourceUserId
                0x0000000000002eb0       0x28 C:/devkitPro/libnx/lib\libnx.a(applet.o)
                0x0000000000002eb0                appletGetAppletResourceUserId
 *fill*         0x0000000000002ed8        0x8 
 .text.appletNotifyRunning
                0x0000000000002ee0      0x11c C:/devkitPro/libnx/lib\libnx.a(applet.o)
                0x0000000000002ee0                appletNotifyRunning
 *fill*         0x0000000000002ffc        0x4 
 .text.appletInitialize
                0x0000000000003000      0x578 C:/devkitPro/libnx/lib\libnx.a(applet.o)
                0x0000000000003000                appletInitialize
 *fill*         0x0000000000003578        0x8 
 .text.appletCreateManagedDisplayLayer
                0x0000000000003580       0xe8 C:/devkitPro/libnx/lib\libnx.a(applet.o)
                0x0000000000003580                appletCreateManagedDisplayLayer
 *fill*         0x0000000000003668        0x8 
 .text.appletGetOperationMode
                0x0000000000003670        0xc C:/devkitPro/libnx/lib\libnx.a(applet.o)
                0x0000000000003670                appletGetOperationMode
 *fill*         0x000000000000367c        0x4 
 .text.appletMainLoop
                0x0000000000003680      0x15c C:/devkitPro/libnx/lib\libnx.a(applet.o)
                0x0000000000003680                appletMainLoop
 *fill*         0x00000000000037dc        0x4 
 .text._hidGetSharedMemoryHandle.constprop.6
                0x00000000000037e0      0x128 C:/devkitPro/libnx/lib\libnx.a(hid.o)
 *fill*         0x0000000000003908        0x8 
 .text._hidCreateAppletResource.constprop.5
                0x0000000000003910      0x138 C:/devkitPro/libnx/lib\libnx.a(hid.o)
 *fill*         0x0000000000003a48        0x8 
 .text.ipcCloseObjectById
                0x0000000000003a50       0x34 C:/devkitPro/libnx/lib\libnx.a(hid.o)
 *fill*         0x0000000000003a84        0xc 
 .text.hidExit  0x0000000000003a90       0xbc C:/devkitPro/libnx/lib\libnx.a(hid.o)
                0x0000000000003a90                hidExit
 *fill*         0x0000000000003b4c        0x4 
 .text.hidReset
                0x0000000000003b50      0x1a4 C:/devkitPro/libnx/lib\libnx.a(hid.o)
                0x0000000000003b50                hidReset
 *fill*         0x0000000000003cf4        0xc 
 .text.hidInitialize
                0x0000000000003d00       0xb0 C:/devkitPro/libnx/lib\libnx.a(hid.o)
                0x0000000000003d00                hidInitialize
 .text.hidGetSharedmemAddr
                0x0000000000003db0        0xc C:/devkitPro/libnx/lib\libnx.a(hid.o)
                0x0000000000003db0                hidGetSharedmemAddr
 *fill*         0x0000000000003dbc        0x4 
 .text.hidKeysDown
                0x0000000000003dc0       0x6c C:/devkitPro/libnx/lib\libnx.a(hid.o)
                0x0000000000003dc0                hidKeysDown
 *fill*         0x0000000000003e2c        0x4 
 .text.hidTouchCount
                0x0000000000003e30        0xc C:/devkitPro/libnx/lib\libnx.a(hid.o)
                0x0000000000003e30                hidTouchCount
 *fill*         0x0000000000003e3c        0x4 
 .text.hidScanInput
                0x0000000000003e40      0x470 C:/devkitPro/libnx/lib\libnx.a(hid.o)
                0x0000000000003e40                hidScanInput
 .text.smAddOverrideHandle
                0x00000000000042b0       0x44 C:/devkitPro/libnx/lib\libnx.a(sm.o)
                0x00000000000042b0                smAddOverrideHandle
 *fill*         0x00000000000042f4        0xc 
 .text.smGetServiceOverride
                0x0000000000004300       0x64 C:/devkitPro/libnx/lib\libnx.a(sm.o)
                0x0000000000004300                smGetServiceOverride
 *fill*         0x0000000000004364        0xc 
 .text.smHasInitialized
                0x0000000000004370       0x14 C:/devkitPro/libnx/lib\libnx.a(sm.o)
                0x0000000000004370                smHasInitialized
 *fill*         0x0000000000004384        0xc 
 .text.smExit   0x0000000000004390       0x28 C:/devkitPro/libnx/lib\libnx.a(sm.o)
                0x0000000000004390                smExit
 *fill*         0x00000000000043b8        0x8 
 .text.smEncodeName
                0x00000000000043c0       0x34 C:/devkitPro/libnx/lib\libnx.a(sm.o)
                0x00000000000043c0                smEncodeName
 *fill*         0x00000000000043f4        0xc 
 .text.smGetServiceOriginal
                0x0000000000004400      0x128 C:/devkitPro/libnx/lib\libnx.a(sm.o)
                0x0000000000004400                smGetServiceOriginal
 *fill*         0x0000000000004528        0x8 
 .text.smInitialize
                0x0000000000004530      0x148 C:/devkitPro/libnx/lib\libnx.a(sm.o)
                0x0000000000004530                smInitialize
 *fill*         0x0000000000004678        0x8 
 .text.smGetService
                0x0000000000004680       0x74 C:/devkitPro/libnx/lib\libnx.a(sm.o)
                0x0000000000004680                smGetService
 *fill*         0x00000000000046f4        0xc 
 .text.fatalSimple
                0x0000000000004700       0xbc C:/devkitPro/libnx/lib\libnx.a(fatal.o)
                0x0000000000004700                fatalSimple
 *fill*         0x00000000000047bc        0x4 
 .text.ipcCloseObjectById
                0x00000000000047c0       0x34 C:/devkitPro/libnx/lib\libnx.a(apm.o)
 *fill*         0x00000000000047f4        0xc 
 .text._apmGetSession.constprop.3
                0x0000000000004800      0x128 C:/devkitPro/libnx/lib\libnx.a(apm.o)
 *fill*         0x0000000000004928        0x8 
 .text.apmExit  0x0000000000004930       0xac C:/devkitPro/libnx/lib\libnx.a(apm.o)
                0x0000000000004930                apmExit
 *fill*         0x00000000000049dc        0x4 
 .text.apmInitialize
                0x00000000000049e0       0x74 C:/devkitPro/libnx/lib\libnx.a(apm.o)
                0x00000000000049e0                apmInitialize
 *fill*         0x0000000000004a54        0xc 
 .text.apmSetPerformanceConfiguration
                0x0000000000004a60       0xcc C:/devkitPro/libnx/lib\libnx.a(apm.o)
                0x0000000000004a60                apmSetPerformanceConfiguration
 *fill*         0x0000000000004b2c        0x4 
 .text._gfxDequeueBuffer.part.0
                0x0000000000004b30       0xc4 C:/devkitPro/libnx/lib\libnx.a(gfx.o)
 *fill*         0x0000000000004bf4        0xc 
 .text._gfxQueueBuffer.part.1
                0x0000000000004c00       0x38 C:/devkitPro/libnx/lib\libnx.a(gfx.o)
 *fill*         0x0000000000004c38        0x8 
 .text.gfxConfigureCrop
                0x0000000000004c40       0xe8 C:/devkitPro/libnx/lib\libnx.a(gfx.o)
                0x0000000000004c40                gfxConfigureCrop
 *fill*         0x0000000000004d28        0x8 
 .text.gfxConfigureResolution
                0x0000000000004d30       0x14 C:/devkitPro/libnx/lib\libnx.a(gfx.o)
                0x0000000000004d30                gfxConfigureResolution
 *fill*         0x0000000000004d44        0xc 
 .text._gfxAutoResolutionAppletHook
                0x0000000000004d50       0x68 C:/devkitPro/libnx/lib\libnx.a(gfx.o)
 *fill*         0x0000000000004db8        0x8 
 .text.gfxConfigureAutoResolution
                0x0000000000004dc0      0x11c C:/devkitPro/libnx/lib\libnx.a(gfx.o)
                0x0000000000004dc0                gfxConfigureAutoResolution
 *fill*         0x0000000000004edc        0x4 
 .text.gfxExit  0x0000000000004ee0      0x194 C:/devkitPro/libnx/lib\libnx.a(gfx.o)
                0x0000000000004ee0                gfxExit
 *fill*         0x0000000000005074        0xc 
 .text._gfxGraphicBufferInit
                0x0000000000005080       0x54 C:/devkitPro/libnx/lib\libnx.a(gfx.o)
                0x0000000000005080                _gfxGraphicBufferInit
 *fill*         0x00000000000050d4        0xc 
 .text.gfxWaitForVsync
                0x00000000000050e0       0x80 C:/devkitPro/libnx/lib\libnx.a(gfx.o)
                0x00000000000050e0                gfxWaitForVsync
 .text.gfxInitDefault
                0x0000000000005160      0x5f0 C:/devkitPro/libnx/lib\libnx.a(gfx.o)
                0x0000000000005160                gfxInitDefault
 .text.gfxSwapBuffers
                0x0000000000005750       0x60 C:/devkitPro/libnx/lib\libnx.a(gfx.o)
                0x0000000000005750                gfxSwapBuffers
 .text.gfxGetFramebuffer
                0x00000000000057b0       0x6c C:/devkitPro/libnx/lib\libnx.a(gfx.o)
                0x00000000000057b0                gfxGetFramebuffer
 *fill*         0x000000000000581c        0x4 
 .text.gfxSetMode
                0x0000000000005820        0xc C:/devkitPro/libnx/lib\libnx.a(gfx.o)
                0x0000000000005820                gfxSetMode
 *fill*         0x000000000000582c        0x4 
 .text.gfxFlushBuffers
                0x0000000000005830      0x124 C:/devkitPro/libnx/lib\libnx.a(gfx.o)
                0x0000000000005830                gfxFlushBuffers
 *fill*         0x0000000000005954        0xc 
 .text.nvmapobjClose
                0x0000000000005960       0x3c C:/devkitPro/libnx/lib\libnx.a(nvgfx.o)
 *fill*         0x000000000000599c        0x4 
 .text.nvmapobjInitialize.part.0
                0x00000000000059a0       0x70 C:/devkitPro/libnx/lib\libnx.a(nvgfx.o)
 .text.nvmapobjSetup.constprop.2
                0x0000000000005a10       0x74 C:/devkitPro/libnx/lib\libnx.a(nvgfx.o)
 *fill*         0x0000000000005a84        0xc 
 .text.nvgfxInitialize
                0x0000000000005a90      0xbd4 C:/devkitPro/libnx/lib\libnx.a(nvgfx.o)
                0x0000000000005a90                nvgfxInitialize
 *fill*         0x0000000000006664        0xc 
 .text.nvgfxExit
                0x0000000000006670      0x12c C:/devkitPro/libnx/lib\libnx.a(nvgfx.o)
                0x0000000000006670                nvgfxExit
 *fill*         0x000000000000679c        0x4 
 .text.nvgfxEventWait
                0x00000000000067a0       0x68 C:/devkitPro/libnx/lib\libnx.a(nvgfx.o)
                0x00000000000067a0                nvgfxEventWait
 *fill*         0x0000000000006808        0x8 
 .text.nvgfxGetFramebuffer
                0x0000000000006810       0x40 C:/devkitPro/libnx/lib\libnx.a(nvgfx.o)
                0x0000000000006810                nvgfxGetFramebuffer
 .text.nvioctlNvhostCtrl_EventWait
                0x0000000000006850       0x40 C:/devkitPro/libnx/lib\libnx.a(nvhost-ctrl.o)
                0x0000000000006850                nvioctlNvhostCtrl_EventWait
 .text.nvioctlNvhostCtrlGpu_ZCullGetCtxSize
                0x0000000000006890       0x3c C:/devkitPro/libnx/lib\libnx.a(nvhost-ctrl-gpu.o)
                0x0000000000006890                nvioctlNvhostCtrlGpu_ZCullGetCtxSize
 *fill*         0x00000000000068cc        0x4 
 .text.nvioctlNvhostCtrlGpu_ZCullGetInfo
                0x00000000000068d0       0x54 C:/devkitPro/libnx/lib\libnx.a(nvhost-ctrl-gpu.o)
                0x00000000000068d0                nvioctlNvhostCtrlGpu_ZCullGetInfo
 *fill*         0x0000000000006924        0xc 
 .text.nvioctlNvhostCtrlGpu_GetCharacteristics
                0x0000000000006930       0x88 C:/devkitPro/libnx/lib\libnx.a(nvhost-ctrl-gpu.o)
                0x0000000000006930                nvioctlNvhostCtrlGpu_GetCharacteristics
 *fill*         0x00000000000069b8        0x8 
 .text.nvioctlNvhostCtrlGpu_GetTpcMasks
                0x00000000000069c0       0x5c C:/devkitPro/libnx/lib\libnx.a(nvhost-ctrl-gpu.o)
                0x00000000000069c0                nvioctlNvhostCtrlGpu_GetTpcMasks
 *fill*         0x0000000000006a1c        0x4 
 .text.nvioctlNvhostCtrlGpu_GetL2State
                0x0000000000006a20       0x3c C:/devkitPro/libnx/lib\libnx.a(nvhost-ctrl-gpu.o)
                0x0000000000006a20                nvioctlNvhostCtrlGpu_GetL2State
 *fill*         0x0000000000006a5c        0x4 
 .text.nvioctlNvhostAsGpu_BindChannel
                0x0000000000006a60       0x24 C:/devkitPro/libnx/lib\libnx.a(nvhost-as-gpu.o)
                0x0000000000006a60                nvioctlNvhostAsGpu_BindChannel
 *fill*         0x0000000000006a84        0xc 
 .text.nvioctlNvhostAsGpu_AllocSpace
                0x0000000000006a90       0x44 C:/devkitPro/libnx/lib\libnx.a(nvhost-as-gpu.o)
                0x0000000000006a90                nvioctlNvhostAsGpu_AllocSpace
 *fill*         0x0000000000006ad4        0xc 
 .text.nvioctlNvhostAsGpu_MapBufferEx
                0x0000000000006ae0       0x50 C:/devkitPro/libnx/lib\libnx.a(nvhost-as-gpu.o)
                0x0000000000006ae0                nvioctlNvhostAsGpu_MapBufferEx
 .text.nvioctlNvhostAsGpu_GetVARegions
                0x0000000000006b30       0x64 C:/devkitPro/libnx/lib\libnx.a(nvhost-as-gpu.o)
                0x0000000000006b30                nvioctlNvhostAsGpu_GetVARegions
 *fill*         0x0000000000006b94        0xc 
 .text.nvioctlNvhostAsGpu_InitializeEx
                0x0000000000006ba0       0x3c C:/devkitPro/libnx/lib\libnx.a(nvhost-as-gpu.o)
                0x0000000000006ba0                nvioctlNvhostAsGpu_InitializeEx
 *fill*         0x0000000000006bdc        0x4 
 .text.nvioctlChannel_SetNvmapFd
                0x0000000000006be0       0x24 C:/devkitPro/libnx/lib\libnx.a(channel.o)
                0x0000000000006be0                nvioctlChannel_SetNvmapFd
 *fill*         0x0000000000006c04        0xc 
 .text.nvioctlChannel_AllocObjCtx
                0x0000000000006c10       0x30 C:/devkitPro/libnx/lib\libnx.a(channel.o)
                0x0000000000006c10                nvioctlChannel_AllocObjCtx
 .text.nvioctlChannel_ZCullBind
                0x0000000000006c40       0x28 C:/devkitPro/libnx/lib\libnx.a(channel.o)
                0x0000000000006c40                nvioctlChannel_ZCullBind
 *fill*         0x0000000000006c68        0x8 
 .text.nvioctlChannel_SetErrorNotifier
                0x0000000000006c70       0x28 C:/devkitPro/libnx/lib\libnx.a(channel.o)
                0x0000000000006c70                nvioctlChannel_SetErrorNotifier
 *fill*         0x0000000000006c98        0x8 
 .text.nvioctlChannel_SetPriority
                0x0000000000006ca0       0x24 C:/devkitPro/libnx/lib\libnx.a(channel.o)
                0x0000000000006ca0                nvioctlChannel_SetPriority
 *fill*         0x0000000000006cc4        0xc 
 .text.nvioctlChannel_AllocGpfifoEx2
                0x0000000000006cd0       0x54 C:/devkitPro/libnx/lib\libnx.a(channel.o)
                0x0000000000006cd0                nvioctlChannel_AllocGpfifoEx2
 *fill*         0x0000000000006d24        0xc 
 .text.nvioctlChannel_SetUserData
                0x0000000000006d30       0x24 C:/devkitPro/libnx/lib\libnx.a(channel.o)
                0x0000000000006d30                nvioctlChannel_SetUserData
 *fill*         0x0000000000006d54        0xc 
 .text.nvioctlNvmap_Create
                0x0000000000006d60       0x3c C:/devkitPro/libnx/lib\libnx.a(nvmap.o)
                0x0000000000006d60                nvioctlNvmap_Create
 *fill*         0x0000000000006d9c        0x4 
 .text.nvioctlNvmap_FromId
                0x0000000000006da0       0x3c C:/devkitPro/libnx/lib\libnx.a(nvmap.o)
                0x0000000000006da0                nvioctlNvmap_FromId
 *fill*         0x0000000000006ddc        0x4 
 .text.nvioctlNvmap_Alloc
                0x0000000000006de0       0x30 C:/devkitPro/libnx/lib\libnx.a(nvmap.o)
                0x0000000000006de0                nvioctlNvmap_Alloc
 .text.nvioctlNvmap_GetId
                0x0000000000006e10       0x3c C:/devkitPro/libnx/lib\libnx.a(nvmap.o)
                0x0000000000006e10                nvioctlNvmap_GetId
 .text.armDCacheFlush
                0x0000000000006e4c       0x3c C:/devkitPro/libnx/lib\libnx.a(cache.o)
                0x0000000000006e4c                armDCacheFlush
 .text.svcSetHeapSize
                0x0000000000006e88       0x14 C:/devkitPro/libnx/lib\libnx.a(svc.o)
                0x0000000000006e88                svcSetHeapSize
 .text.svcUnmapMemory
                0x0000000000006e9c        0x8 C:/devkitPro/libnx/lib\libnx.a(svc.o)
                0x0000000000006e9c                svcUnmapMemory
 .text.svcQueryMemory
                0x0000000000006ea4       0x14 C:/devkitPro/libnx/lib\libnx.a(svc.o)
                0x0000000000006ea4                svcQueryMemory
 .text.svcExitProcess
                0x0000000000006eb8        0x8 C:/devkitPro/libnx/lib\libnx.a(svc.o)
                0x0000000000006eb8                svcExitProcess
 .text.svcSleepThread
                0x0000000000006ec0        0x8 C:/devkitPro/libnx/lib\libnx.a(svc.o)
                0x0000000000006ec0                svcSleepThread
 .text.svcMapSharedMemory
                0x0000000000006ec8        0x8 C:/devkitPro/libnx/lib\libnx.a(svc.o)
                0x0000000000006ec8                svcMapSharedMemory
 .text.svcUnmapSharedMemory
                0x0000000000006ed0        0x8 C:/devkitPro/libnx/lib\libnx.a(svc.o)
                0x0000000000006ed0                svcUnmapSharedMemory
 .text.svcCreateTransferMemory
                0x0000000000006ed8       0x14 C:/devkitPro/libnx/lib\libnx.a(svc.o)
                0x0000000000006ed8                svcCreateTransferMemory
 .text.svcCloseHandle
                0x0000000000006eec        0x8 C:/devkitPro/libnx/lib\libnx.a(svc.o)
                0x0000000000006eec                svcCloseHandle
 .text.svcResetSignal
                0x0000000000006ef4        0x8 C:/devkitPro/libnx/lib\libnx.a(svc.o)
                0x0000000000006ef4                svcResetSignal
 .text.svcWaitSynchronization
                0x0000000000006efc       0x14 C:/devkitPro/libnx/lib\libnx.a(svc.o)
                0x0000000000006efc                svcWaitSynchronization
 .text.svcArbitrateLock
                0x0000000000006f10        0x8 C:/devkitPro/libnx/lib\libnx.a(svc.o)
                0x0000000000006f10                svcArbitrateLock
 .text.svcArbitrateUnlock
                0x0000000000006f18        0x8 C:/devkitPro/libnx/lib\libnx.a(svc.o)
                0x0000000000006f18                svcArbitrateUnlock
 .text.svcConnectToNamedPort
                0x0000000000006f20       0x14 C:/devkitPro/libnx/lib\libnx.a(svc.o)
                0x0000000000006f20                svcConnectToNamedPort
 .text.svcGetSystemTick
                0x0000000000006f34        0x8 C:/devkitPro/libnx/lib\libnx.a(svc.o)
                0x0000000000006f34                svcGetSystemTick
 .text.svcSendSyncRequest
                0x0000000000006f3c        0x8 C:/devkitPro/libnx/lib\libnx.a(svc.o)
                0x0000000000006f3c                svcSendSyncRequest
 .text.svcBreak
                0x0000000000006f44        0x8 C:/devkitPro/libnx/lib\libnx.a(svc.o)
                0x0000000000006f44                svcBreak
 .text.svcGetInfo
                0x0000000000006f4c       0x14 C:/devkitPro/libnx/lib\libnx.a(svc.o)
                0x0000000000006f4c                svcGetInfo
 .text.svcUnmapTransferMemory
                0x0000000000006f60        0x8 C:/devkitPro/libnx/lib\libnx.a(svc.o)
                0x0000000000006f60                svcUnmapTransferMemory
 *fill*         0x0000000000006f68        0x8 
 .text.__nx_dynamic
                0x0000000000006f70       0xac C:/devkitPro/libnx/lib\libnx.a(dynamic.o)
                0x0000000000006f70                __nx_dynamic
 *fill*         0x000000000000701c        0x4 
 .text.__libnx_initheap
                0x0000000000007020       0xdc C:/devkitPro/libnx/lib\libnx.a(init.o)
                0x0000000000007020                __libnx_initheap
 *fill*         0x00000000000070fc        0x4 
 .text.__appInit
                0x0000000000007100       0x74 C:/devkitPro/libnx/lib\libnx.a(init.o)
                0x0000000000007100                __appInit
 *fill*         0x0000000000007174        0xc 
 .text.__appExit
                0x0000000000007180       0x24 C:/devkitPro/libnx/lib\libnx.a(init.o)
                0x0000000000007180                __appExit
 *fill*         0x00000000000071a4        0xc 
 .text.__libnx_init
                0x00000000000071b0       0x28 C:/devkitPro/libnx/lib\libnx.a(init.o)
                0x00000000000071b0                __libnx_init
 *fill*         0x00000000000071d8        0x8 
 .text.__libnx_exit
                0x00000000000071e0       0x20 C:/devkitPro/libnx/lib\libnx.a(init.o)
                0x00000000000071e0                __libnx_exit
 .text.envSetup
                0x0000000000007200      0x1ac C:/devkitPro/libnx/lib\libnx.a(env.o)
                0x0000000000007200                envSetup
 *fill*         0x00000000000073ac        0x4 
 .text.envGetMainThreadHandle
                0x00000000000073b0       0x20 C:/devkitPro/libnx/lib\libnx.a(env.o)
                0x00000000000073b0                envGetMainThreadHandle
 .text.envIsNso
                0x00000000000073d0        0xc C:/devkitPro/libnx/lib\libnx.a(env.o)
                0x00000000000073d0                envIsNso
 *fill*         0x00000000000073dc        0x4 
 .text.envHasHeapOverride
                0x00000000000073e0       0x14 C:/devkitPro/libnx/lib\libnx.a(env.o)
                0x00000000000073e0                envHasHeapOverride
 *fill*         0x00000000000073f4        0xc 
 .text.envGetHeapOverrideAddr
                0x0000000000007400        0xc C:/devkitPro/libnx/lib\libnx.a(env.o)
                0x0000000000007400                envGetHeapOverrideAddr
 *fill*         0x000000000000740c        0x4 
 .text.envGetHeapOverrideSize
                0x0000000000007410        0xc C:/devkitPro/libnx/lib\libnx.a(env.o)
                0x0000000000007410                envGetHeapOverrideSize
 *fill*         0x000000000000741c        0x4 
 .text.envHasArgv
                0x0000000000007420       0x14 C:/devkitPro/libnx/lib\libnx.a(env.o)
                0x0000000000007420                envHasArgv
 *fill*         0x0000000000007434        0xc 
 .text.envGetArgv
                0x0000000000007440        0xc C:/devkitPro/libnx/lib\libnx.a(env.o)
                0x0000000000007440                envGetArgv
 *fill*         0x000000000000744c        0x4 
 .text.envGetExitFuncPtr
                0x0000000000007450        0xc C:/devkitPro/libnx/lib\libnx.a(env.o)
                0x0000000000007450                envGetExitFuncPtr
 *fill*         0x000000000000745c        0x4 
 .text.mutexInit
                0x0000000000007460        0x8 C:/devkitPro/libnx/lib\libnx.a(newlib.o)
 *fill*         0x0000000000007468        0x8 
 .text.rmutexInit
                0x0000000000007470        0xc C:/devkitPro/libnx/lib\libnx.a(newlib.o)
 *fill*         0x000000000000747c        0x4 
 .text.__libnx_gtod
                0x0000000000007480       0x90 C:/devkitPro/libnx/lib\libnx.a(newlib.o)
                0x0000000000007480                __libnx_gtod
 .text.__libnx_get_reent
                0x0000000000007510       0x34 C:/devkitPro/libnx/lib\libnx.a(newlib.o)
 *fill*         0x0000000000007544        0xc 
 .text.newlibSetup
                0x0000000000007550       0xec C:/devkitPro/libnx/lib\libnx.a(newlib.o)
                0x0000000000007550                newlibSetup
 *fill*         0x000000000000763c        0x4 
 .text.argvSetup
                0x0000000000007640      0x37c C:/devkitPro/libnx/lib\libnx.a(argv.o)
                0x0000000000007640                argvSetup
 *fill*         0x00000000000079bc        0x4 
 .text._CacheValues.part.0
                0x00000000000079c0       0x98 C:/devkitPro/libnx/lib\libnx.a(detect.o)
 *fill*         0x0000000000007a58        0x8 
 .text.kernelAbove200
                0x0000000000007a60       0x34 C:/devkitPro/libnx/lib\libnx.a(detect.o)
                0x0000000000007a60                kernelAbove200
 *fill*         0x0000000000007a94        0xc 
 .text.kernelAbove300
                0x0000000000007aa0       0x34 C:/devkitPro/libnx/lib\libnx.a(detect.o)
                0x0000000000007aa0                kernelAbove300
 *fill*         0x0000000000007ad4        0xc 
 .text.detectDebugger
                0x0000000000007ae0       0x30 C:/devkitPro/libnx/lib\libnx.a(detect.o)
                0x0000000000007ae0                detectDebugger
 .text.shmemLoadRemote
                0x0000000000007b10       0x14 C:/devkitPro/libnx/lib\libnx.a(shmem.o)
                0x0000000000007b10                shmemLoadRemote
 *fill*         0x0000000000007b24        0xc 
 .text.shmemMap
                0x0000000000007b30       0x9c C:/devkitPro/libnx/lib\libnx.a(shmem.o)
                0x0000000000007b30                shmemMap
 *fill*         0x0000000000007bcc        0x4 
 .text.shmemUnmap
                0x0000000000007bd0       0x48 C:/devkitPro/libnx/lib\libnx.a(shmem.o)
                0x0000000000007bd0                shmemUnmap
 *fill*         0x0000000000007c18        0x8 
 .text.shmemClose
                0x0000000000007c20       0x40 C:/devkitPro/libnx/lib\libnx.a(shmem.o)
                0x0000000000007c20                shmemClose
 .text.rwlockReadLock
                0x0000000000007c60       0x3c C:/devkitPro/libnx/lib\libnx.a(rwlock.o)
                0x0000000000007c60                rwlockReadLock
 *fill*         0x0000000000007c9c        0x4 
 .text.rwlockReadUnlock
                0x0000000000007ca0       0x50 C:/devkitPro/libnx/lib\libnx.a(rwlock.o)
                0x0000000000007ca0                rwlockReadUnlock
 .text.rwlockWriteLock
                0x0000000000007cf0        0x8 C:/devkitPro/libnx/lib\libnx.a(rwlock.o)
                0x0000000000007cf0                rwlockWriteLock
 *fill*         0x0000000000007cf8        0x8 
 .text.rwlockWriteUnlock
                0x0000000000007d00        0x8 C:/devkitPro/libnx/lib\libnx.a(rwlock.o)
                0x0000000000007d00                rwlockWriteUnlock
 *fill*         0x0000000000007d08        0x8 
 .text.mutexLock
                0x0000000000007d10       0x94 C:/devkitPro/libnx/lib\libnx.a(mutex.o)
                0x0000000000007d10                mutexLock
 *fill*         0x0000000000007da4        0xc 
 .text.mutexUnlock
                0x0000000000007db0       0x24 C:/devkitPro/libnx/lib\libnx.a(mutex.o)
                0x0000000000007db0                mutexUnlock
 *fill*         0x0000000000007dd4        0xc 
 .text.rmutexLock
                0x0000000000007de0       0x4c C:/devkitPro/libnx/lib\libnx.a(mutex.o)
                0x0000000000007de0                rmutexLock
 *fill*         0x0000000000007e2c        0x4 
 .text.rmutexUnlock
                0x0000000000007e30       0x20 C:/devkitPro/libnx/lib\libnx.a(mutex.o)
                0x0000000000007e30                rmutexUnlock
 .text._GetRegionFromInfo
                0x0000000000007e50       0x68 C:/devkitPro/libnx/lib\libnx.a(virtmem.o)
 *fill*         0x0000000000007eb8        0x8 
 .text.virtmemSetup
                0x0000000000007ec0       0xd4 C:/devkitPro/libnx/lib\libnx.a(virtmem.o)
                0x0000000000007ec0                virtmemSetup
 *fill*         0x0000000000007f94        0xc 
 .text.virtmemReserve
                0x0000000000007fa0      0x13c C:/devkitPro/libnx/lib\libnx.a(virtmem.o)
                0x0000000000007fa0                virtmemReserve
 *fill*         0x00000000000080dc        0x4 
 .text.virtmemFree
                0x00000000000080e0        0x4 C:/devkitPro/libnx/lib\libnx.a(virtmem.o)
                0x00000000000080e0                virtmemFree
 *fill*         0x00000000000080e4        0xc 
 .text.fsdev_link
                0x00000000000080f0       0x10 C:/devkitPro/libnx/lib\libnx.a(fs_dev.o)
 .text.fsdev_dirreset
                0x0000000000008100       0x10 C:/devkitPro/libnx/lib\libnx.a(fs_dev.o)
 .text.fsdev_chmod
                0x0000000000008110       0x10 C:/devkitPro/libnx/lib\libnx.a(fs_dev.o)
 .text.error_cmp
                0x0000000000008120       0x20 C:/devkitPro/libnx/lib\libnx.a(fs_dev.o)
 .text.fsdev_translate_error
                0x0000000000008140       0x60 C:/devkitPro/libnx/lib\libnx.a(fs_dev.o)
 .text.fsdev_fsync
                0x00000000000081a0       0x40 C:/devkitPro/libnx/lib\libnx.a(fs_dev.o)
 .text.fsdev_ftruncate
                0x00000000000081e0       0x64 C:/devkitPro/libnx/lib\libnx.a(fs_dev.o)
 *fill*         0x0000000000008244        0xc 
 .text.fsdev_dirclose
                0x0000000000008250       0x20 C:/devkitPro/libnx/lib\libnx.a(fs_dev.o)
 .text.fsdev_dirnext
                0x0000000000008270      0x184 C:/devkitPro/libnx/lib\libnx.a(fs_dev.o)
 *fill*         0x00000000000083f4        0xc 
 .text.fsdev_close
                0x0000000000008400       0x1c C:/devkitPro/libnx/lib\libnx.a(fs_dev.o)
 *fill*         0x000000000000841c        0x4 
 .text.fsdev_fstat
                0x0000000000008420       0x80 C:/devkitPro/libnx/lib\libnx.a(fs_dev.o)
 .text.fsdev_seek
                0x00000000000084a0       0xb8 C:/devkitPro/libnx/lib\libnx.a(fs_dev.o)
 *fill*         0x0000000000008558        0x8 
 .text.fsdevFindDevice
                0x0000000000008560      0x108 C:/devkitPro/libnx/lib\libnx.a(fs_dev.o)
 *fill*         0x0000000000008668        0x8 
 .text._fsdevMountDevice
                0x0000000000008670      0x128 C:/devkitPro/libnx/lib\libnx.a(fs_dev.o)
 *fill*         0x0000000000008798        0x8 
 .text._fsdevUnmountDeviceStruct.part.1
                0x00000000000087a0       0xb0 C:/devkitPro/libnx/lib\libnx.a(fs_dev.o)
 .text.fsdev_getfspath
                0x0000000000008850      0x208 C:/devkitPro/libnx/lib\libnx.a(fs_dev.o)
 *fill*         0x0000000000008a58        0x8 
 .text.fsdev_rmdir
                0x0000000000008a60       0x70 C:/devkitPro/libnx/lib\libnx.a(fs_dev.o)
 .text.fsdev_statvfs
                0x0000000000008ad0       0xd8 C:/devkitPro/libnx/lib\libnx.a(fs_dev.o)
 *fill*         0x0000000000008ba8        0x8 
 .text.fsdev_diropen
                0x0000000000008bb0       0xb8 C:/devkitPro/libnx/lib\libnx.a(fs_dev.o)
 *fill*         0x0000000000008c68        0x8 
 .text.fsdev_chdir
                0x0000000000008c70       0xc4 C:/devkitPro/libnx/lib\libnx.a(fs_dev.o)
 *fill*         0x0000000000008d34        0xc 
 .text.fsdev_mkdir
                0x0000000000008d40       0x70 C:/devkitPro/libnx/lib\libnx.a(fs_dev.o)
 .text.fsdev_rename
                0x0000000000008db0      0x13c C:/devkitPro/libnx/lib\libnx.a(fs_dev.o)
 *fill*         0x0000000000008eec        0x4 
 .text.fsdev_unlink
                0x0000000000008ef0       0x70 C:/devkitPro/libnx/lib\libnx.a(fs_dev.o)
 .text.fsdev_stat
                0x0000000000008f60      0x174 C:/devkitPro/libnx/lib\libnx.a(fs_dev.o)
 *fill*         0x00000000000090d4        0xc 
 .text.fsdev_open
                0x00000000000090e0      0x1ac C:/devkitPro/libnx/lib\libnx.a(fs_dev.o)
 *fill*         0x000000000000928c        0x4 
 .text.fsdev_read
                0x0000000000009290      0x1b4 C:/devkitPro/libnx/lib\libnx.a(fs_dev.o)
 *fill*         0x0000000000009444        0xc 
 .text.fsdev_write
                0x0000000000009450      0x1d0 C:/devkitPro/libnx/lib\libnx.a(fs_dev.o)
 .text.fsdev_fchmod
                0x0000000000009620       0x10 C:/devkitPro/libnx/lib\libnx.a(fs_dev.o)
 .text.fsdevInit
                0x0000000000009630      0x1f0 C:/devkitPro/libnx/lib\libnx.a(fs_dev.o)
                0x0000000000009630                fsdevInit
 .text.fsdevExit
                0x0000000000009820       0x70 C:/devkitPro/libnx/lib\libnx.a(fs_dev.o)
                0x0000000000009820                fsdevExit
 .text.ipcCloseObjectById
                0x0000000000009890       0x34 C:/devkitPro/libnx/lib\libnx.a(nv.o)
 *fill*         0x00000000000098c4        0xc 
 .text._nvSetClientPID
                0x00000000000098d0       0xd4 C:/devkitPro/libnx/lib\libnx.a(nv.o)
 *fill*         0x00000000000099a4        0xc 
 .text.ipcQueryPointerBufferSize.constprop.6
                0x00000000000099b0       0xc4 C:/devkitPro/libnx/lib\libnx.a(nv.o)
 *fill*         0x0000000000009a74        0xc 
 .text._nvInitialize.constprop.5
                0x0000000000009a80       0xec C:/devkitPro/libnx/lib\libnx.a(nv.o)
 *fill*         0x0000000000009b6c        0x4 
 .text.nvExit   0x0000000000009b70       0x9c C:/devkitPro/libnx/lib\libnx.a(nv.o)
                0x0000000000009b70                nvExit
 *fill*         0x0000000000009c0c        0x4 
 .text.nvInitialize
                0x0000000000009c10      0x198 C:/devkitPro/libnx/lib\libnx.a(nv.o)
                0x0000000000009c10                nvInitialize
 *fill*         0x0000000000009da8        0x8 
 .text.nvConvertError
                0x0000000000009db0      0x120 C:/devkitPro/libnx/lib\libnx.a(nv.o)
                0x0000000000009db0                nvConvertError
 .text.nvOpen   0x0000000000009ed0      0x124 C:/devkitPro/libnx/lib\libnx.a(nv.o)
                0x0000000000009ed0                nvOpen
 *fill*         0x0000000000009ff4        0xc 
 .text.nvIoctl  0x000000000000a000      0x1c0 C:/devkitPro/libnx/lib\libnx.a(nv.o)
                0x000000000000a000                nvIoctl
 .text.nvClose  0x000000000000a1c0       0xd8 C:/devkitPro/libnx/lib\libnx.a(nv.o)
                0x000000000000a1c0                nvClose
 *fill*         0x000000000000a298        0x8 
 .text.nvQueryEvent
                0x000000000000a2a0      0x140 C:/devkitPro/libnx/lib\libnx.a(nv.o)
                0x000000000000a2a0                nvQueryEvent
 .text.ipcCloseObjectById
                0x000000000000a3e0       0x34 C:/devkitPro/libnx/lib\libnx.a(time.o)
 *fill*         0x000000000000a414        0xc 
 .text._timeGetSession
                0x000000000000a420      0x138 C:/devkitPro/libnx/lib\libnx.a(time.o)
 *fill*         0x000000000000a558        0x8 
 .text.timeExit
                0x000000000000a560      0x194 C:/devkitPro/libnx/lib\libnx.a(time.o)
                0x000000000000a560                timeExit
 *fill*         0x000000000000a6f4        0xc 
 .text.timeInitialize
                0x000000000000a700       0xc0 C:/devkitPro/libnx/lib\libnx.a(time.o)
                0x000000000000a700                timeInitialize
 .text.timeGetCurrentTime
                0x000000000000a7c0      0x12c C:/devkitPro/libnx/lib\libnx.a(time.o)
                0x000000000000a7c0                timeGetCurrentTime
 *fill*         0x000000000000a8ec        0x4 
 .text.ipcCloseObjectById
                0x000000000000a8f0       0x34 C:/devkitPro/libnx/lib\libnx.a(vi.o)
 *fill*         0x000000000000a924        0xc 
 .text._viGetSession.constprop.6
                0x000000000000a930      0x140 C:/devkitPro/libnx/lib\libnx.a(vi.o)
 .text._viCreatestray_layer.isra.4
                0x000000000000aa70      0x130 C:/devkitPro/libnx/lib\libnx.a(vi.o)
 .text._viOpenLayer
                0x000000000000aba0      0x138 C:/devkitPro/libnx/lib\libnx.a(vi.o)
 *fill*         0x000000000000acd8        0x8 
 .text.viExit   0x000000000000ace0      0x184 C:/devkitPro/libnx/lib\libnx.a(vi.o)
                0x000000000000ace0                viExit
 *fill*         0x000000000000ae64        0xc 
 .text.viInitialize
                0x000000000000ae70      0x29c C:/devkitPro/libnx/lib\libnx.a(vi.o)
                0x000000000000ae70                viInitialize
 *fill*         0x000000000000b10c        0x4 
 .text.viGetSession_IHOSBinderDriverRelay
                0x000000000000b110        0xc C:/devkitPro/libnx/lib\libnx.a(vi.o)
                0x000000000000b110                viGetSession_IHOSBinderDriverRelay
 *fill*         0x000000000000b11c        0x4 
 .text.viOpenDisplay
                0x000000000000b120      0x140 C:/devkitPro/libnx/lib\libnx.a(vi.o)
                0x000000000000b120                viOpenDisplay
 .text.viCloseDisplay
                0x000000000000b260       0xf4 C:/devkitPro/libnx/lib\libnx.a(vi.o)
                0x000000000000b260                viCloseDisplay
 *fill*         0x000000000000b354        0xc 
 .text.viOpenLayer
                0x000000000000b360       0xe0 C:/devkitPro/libnx/lib\libnx.a(vi.o)
                0x000000000000b360                viOpenLayer
 .text.viCloseLayer
                0x000000000000b440      0x104 C:/devkitPro/libnx/lib\libnx.a(vi.o)
                0x000000000000b440                viCloseLayer
 *fill*         0x000000000000b544        0xc 
 .text.viSetLayerScalingMode
                0x000000000000b550       0xe4 C:/devkitPro/libnx/lib\libnx.a(vi.o)
                0x000000000000b550                viSetLayerScalingMode
 *fill*         0x000000000000b634        0xc 
 .text.viGetDisplayVsyncEvent
                0x000000000000b640      0x130 C:/devkitPro/libnx/lib\libnx.a(vi.o)
                0x000000000000b640                viGetDisplayVsyncEvent
 .text.ipcCloseObjectById
                0x000000000000b770       0x34 C:/devkitPro/libnx/lib\libnx.a(fs.o)
 *fill*         0x000000000000b7a4        0xc 
 .text.fsInitialize
                0x000000000000b7b0      0x108 C:/devkitPro/libnx/lib\libnx.a(fs.o)
                0x000000000000b7b0                fsInitialize
 *fill*         0x000000000000b8b8        0x8 
 .text.fsExit   0x000000000000b8c0       0x6c C:/devkitPro/libnx/lib\libnx.a(fs.o)
                0x000000000000b8c0                fsExit
 *fill*         0x000000000000b92c        0x4 
 .text.fsMountSdcard
                0x000000000000b930      0x128 C:/devkitPro/libnx/lib\libnx.a(fs.o)
                0x000000000000b930                fsMountSdcard
 *fill*         0x000000000000ba58        0x8 
 .text.fsFsCreateFile
                0x000000000000ba60       0xf8 C:/devkitPro/libnx/lib\libnx.a(fs.o)
                0x000000000000ba60                fsFsCreateFile
 *fill*         0x000000000000bb58        0x8 
 .text.fsFsDeleteFile
                0x000000000000bb60       0xf0 C:/devkitPro/libnx/lib\libnx.a(fs.o)
                0x000000000000bb60                fsFsDeleteFile
 .text.fsFsCreateDirectory
                0x000000000000bc50       0xf0 C:/devkitPro/libnx/lib\libnx.a(fs.o)
                0x000000000000bc50                fsFsCreateDirectory
 .text.fsFsDeleteDirectory
                0x000000000000bd40       0xf0 C:/devkitPro/libnx/lib\libnx.a(fs.o)
                0x000000000000bd40                fsFsDeleteDirectory
 .text.fsFsRenameFile
                0x000000000000be30      0x110 C:/devkitPro/libnx/lib\libnx.a(fs.o)
                0x000000000000be30                fsFsRenameFile
 .text.fsFsRenameDirectory
                0x000000000000bf40      0x110 C:/devkitPro/libnx/lib\libnx.a(fs.o)
                0x000000000000bf40                fsFsRenameDirectory
 .text.fsFsGetEntryType
                0x000000000000c050      0x108 C:/devkitPro/libnx/lib\libnx.a(fs.o)
                0x000000000000c050                fsFsGetEntryType
 *fill*         0x000000000000c158        0x8 
 .text.fsFsOpenFile
                0x000000000000c160      0x158 C:/devkitPro/libnx/lib\libnx.a(fs.o)
                0x000000000000c160                fsFsOpenFile
 *fill*         0x000000000000c2b8        0x8 
 .text.fsFsOpenDirectory
                0x000000000000c2c0      0x148 C:/devkitPro/libnx/lib\libnx.a(fs.o)
                0x000000000000c2c0                fsFsOpenDirectory
 *fill*         0x000000000000c408        0x8 
 .text.fsFsGetFreeSpace
                0x000000000000c410      0x108 C:/devkitPro/libnx/lib\libnx.a(fs.o)
                0x000000000000c410                fsFsGetFreeSpace
 *fill*         0x000000000000c518        0x8 
 .text.fsFsGetTotalSpace
                0x000000000000c520      0x108 C:/devkitPro/libnx/lib\libnx.a(fs.o)
                0x000000000000c520                fsFsGetTotalSpace
 *fill*         0x000000000000c628        0x8 
 .text.fsFsClose
                0x000000000000c630       0x14 C:/devkitPro/libnx/lib\libnx.a(fs.o)
                0x000000000000c630                fsFsClose
 *fill*         0x000000000000c644        0xc 
 .text.fsFileRead
                0x000000000000c650      0x104 C:/devkitPro/libnx/lib\libnx.a(fs.o)
                0x000000000000c650                fsFileRead
 *fill*         0x000000000000c754        0xc 
 .text.fsFileWrite
                0x000000000000c760       0xf4 C:/devkitPro/libnx/lib\libnx.a(fs.o)
                0x000000000000c760                fsFileWrite
 *fill*         0x000000000000c854        0xc 
 .text.fsFileFlush
                0x000000000000c860       0xc4 C:/devkitPro/libnx/lib\libnx.a(fs.o)
                0x000000000000c860                fsFileFlush
 *fill*         0x000000000000c924        0xc 
 .text.fsFileSetSize
                0x000000000000c930       0xc4 C:/devkitPro/libnx/lib\libnx.a(fs.o)
                0x000000000000c930                fsFileSetSize
 *fill*         0x000000000000c9f4        0xc 
 .text.fsFileGetSize
                0x000000000000ca00       0xec C:/devkitPro/libnx/lib\libnx.a(fs.o)
                0x000000000000ca00                fsFileGetSize
 *fill*         0x000000000000caec        0x4 
 .text.fsFileClose
                0x000000000000caf0       0x14 C:/devkitPro/libnx/lib\libnx.a(fs.o)
                0x000000000000caf0                fsFileClose
 *fill*         0x000000000000cb04        0xc 
 .text.fsDirClose
                0x000000000000cb10       0x14 C:/devkitPro/libnx/lib\libnx.a(fs.o)
                0x000000000000cb10                fsDirClose
 *fill*         0x000000000000cb24        0xc 
 .text.fsDirRead
                0x000000000000cb30      0x110 C:/devkitPro/libnx/lib\libnx.a(fs.o)
                0x000000000000cb30                fsDirRead
 .text.bufferProducerInitialize
                0x000000000000cc40       0x10 C:/devkitPro/libnx/lib\libnx.a(buffer_producer.o)
                0x000000000000cc40                bufferProducerInitialize
 .text.bufferProducerExit
                0x000000000000cc50        0xc C:/devkitPro/libnx/lib\libnx.a(buffer_producer.o)
                0x000000000000cc50                bufferProducerExit
 *fill*         0x000000000000cc5c        0x4 
 .text.bufferProducerRequestBuffer
                0x000000000000cc60      0x134 C:/devkitPro/libnx/lib\libnx.a(buffer_producer.o)
                0x000000000000cc60                bufferProducerRequestBuffer
 *fill*         0x000000000000cd94        0xc 
 .text.bufferProducerDequeueBuffer
                0x000000000000cda0      0x1a0 C:/devkitPro/libnx/lib\libnx.a(buffer_producer.o)
                0x000000000000cda0                bufferProducerDequeueBuffer
 .text.bufferProducerDetachBuffer
                0x000000000000cf40       0x9c C:/devkitPro/libnx/lib\libnx.a(buffer_producer.o)
                0x000000000000cf40                bufferProducerDetachBuffer
 *fill*         0x000000000000cfdc        0x4 
 .text.bufferProducerQueueBuffer
                0x000000000000cfe0      0x120 C:/devkitPro/libnx/lib\libnx.a(buffer_producer.o)
                0x000000000000cfe0                bufferProducerQueueBuffer
 .text.bufferProducerQuery
                0x000000000000d100       0xdc C:/devkitPro/libnx/lib\libnx.a(buffer_producer.o)
                0x000000000000d100                bufferProducerQuery
 *fill*         0x000000000000d1dc        0x4 
 .text.bufferProducerConnect
                0x000000000000d1e0      0x12c C:/devkitPro/libnx/lib\libnx.a(buffer_producer.o)
                0x000000000000d1e0                bufferProducerConnect
 *fill*         0x000000000000d30c        0x4 
 .text.bufferProducerDisconnect
                0x000000000000d310       0x9c C:/devkitPro/libnx/lib\libnx.a(buffer_producer.o)
                0x000000000000d310                bufferProducerDisconnect
 *fill*         0x000000000000d3ac        0x4 
 .text.bufferProducerGraphicBufferInit
                0x000000000000d3b0      0x110 C:/devkitPro/libnx/lib\libnx.a(buffer_producer.o)
                0x000000000000d3b0                bufferProducerGraphicBufferInit
 .text._binderTransactParcelAuto
                0x000000000000d4c0      0x1ac C:/devkitPro/libnx/lib\libnx.a(binder.o)
 *fill*         0x000000000000d66c        0x4 
 .text._binderTransactParcel
                0x000000000000d670      0x13c C:/devkitPro/libnx/lib\libnx.a(binder.o)
 *fill*         0x000000000000d7ac        0x4 
 .text.binderCreateSession
                0x000000000000d7b0       0x18 C:/devkitPro/libnx/lib\libnx.a(binder.o)
                0x000000000000d7b0                binderCreateSession
 *fill*         0x000000000000d7c8        0x8 
 .text.binderTransactParcel
                0x000000000000d7d0       0x14 C:/devkitPro/libnx/lib\libnx.a(binder.o)
                0x000000000000d7d0                binderTransactParcel
 *fill*         0x000000000000d7e4        0xc 
 .text.binderAdjustRefcount
                0x000000000000d7f0       0xe4 C:/devkitPro/libnx/lib\libnx.a(binder.o)
                0x000000000000d7f0                binderAdjustRefcount
 *fill*         0x000000000000d8d4        0xc 
 .text.binderExitSession
                0x000000000000d8e0       0x70 C:/devkitPro/libnx/lib\libnx.a(binder.o)
                0x000000000000d8e0                binderExitSession
 .text.binderGetNativeHandle
                0x000000000000d950      0x138 C:/devkitPro/libnx/lib\libnx.a(binder.o)
                0x000000000000d950                binderGetNativeHandle
 *fill*         0x000000000000da88        0x8 
 .text.binderInitSession
                0x000000000000da90      0x1c8 C:/devkitPro/libnx/lib\libnx.a(binder.o)
                0x000000000000da90                binderInitSession
 *fill*         0x000000000000dc58        0x8 
 .text.parcelInitialize
                0x000000000000dc60       0x28 C:/devkitPro/libnx/lib\libnx.a(parcel.o)
                0x000000000000dc60                parcelInitialize
 *fill*         0x000000000000dc88        0x8 
 .text.parcelTransact
                0x000000000000dc90      0x1d0 C:/devkitPro/libnx/lib\libnx.a(parcel.o)
                0x000000000000dc90                parcelTransact
 .text.parcelWriteData
                0x000000000000de60       0x88 C:/devkitPro/libnx/lib\libnx.a(parcel.o)
                0x000000000000de60                parcelWriteData
 *fill*         0x000000000000dee8        0x8 
 .text.parcelReadData
                0x000000000000def0       0x8c C:/devkitPro/libnx/lib\libnx.a(parcel.o)
                0x000000000000def0                parcelReadData
 *fill*         0x000000000000df7c        0x4 
 .text.parcelWriteInt32
                0x000000000000df80       0x24 C:/devkitPro/libnx/lib\libnx.a(parcel.o)
                0x000000000000df80                parcelWriteInt32
 *fill*         0x000000000000dfa4        0xc 
 .text.parcelWriteUInt32
                0x000000000000dfb0       0x24 C:/devkitPro/libnx/lib\libnx.a(parcel.o)
                0x000000000000dfb0                parcelWriteUInt32
 *fill*         0x000000000000dfd4        0xc 
 .text.parcelWriteString16
                0x000000000000dfe0       0x74 C:/devkitPro/libnx/lib\libnx.a(parcel.o)
                0x000000000000dfe0                parcelWriteString16
 *fill*         0x000000000000e054        0xc 
 .text.parcelWriteInterfaceToken
                0x000000000000e060       0x30 C:/devkitPro/libnx/lib\libnx.a(parcel.o)
                0x000000000000e060                parcelWriteInterfaceToken
 .text.parcelReadInt32
                0x000000000000e090       0x24 C:/devkitPro/libnx/lib\libnx.a(parcel.o)
                0x000000000000e090                parcelReadInt32
 *fill*         0x000000000000e0b4        0xc 
 .text.parcelReadFlattenedObject
                0x000000000000e0c0       0x6c C:/devkitPro/libnx/lib\libnx.a(parcel.o)
                0x000000000000e0c0                parcelReadFlattenedObject
 *fill*         0x000000000000e12c        0x4 
 .text.parcelWriteFlattenedObject
                0x000000000000e130       0x4c C:/devkitPro/libnx/lib\libnx.a(parcel.o)
                0x000000000000e130                parcelWriteFlattenedObject
 *fill*         0x000000000000e17c        0x4 
 .text.decode_utf8
                0x000000000000e180      0x130 C:/devkitPro/libnx/lib\libnx.a(decode_utf8.o)
                0x000000000000e180                decode_utf8
 .text.__aarch64_read_tp
                0x000000000000e2b0        0xc C:/devkitPro/libnx/lib\libnx.a(readtp.o)
                0x000000000000e2b0                __aarch64_read_tp
 *fill*         0x000000000000e2bc        0x4 
 .text.tmemCreate
                0x000000000000e2c0       0x7c C:/devkitPro/libnx/lib\libnx.a(tmem.o)
                0x000000000000e2c0                tmemCreate
 *fill*         0x000000000000e33c        0x4 
 .text.tmemUnmap
                0x000000000000e340       0x48 C:/devkitPro/libnx/lib\libnx.a(tmem.o)
                0x000000000000e340                tmemUnmap
 *fill*         0x000000000000e388        0x8 
 .text.tmemClose
                0x000000000000e390       0x64 C:/devkitPro/libnx/lib\libnx.a(tmem.o)
                0x000000000000e390                tmemClose
 *fill*         0x000000000000e3f4        0x4 
 .text.bsearch  0x000000000000e3f8       0xc8 c:/devkitpro/devkita64/bin/../lib/gcc/aarch64-none-elf/7.3.0/../../../../aarch64-none-elf/lib/pic\libg.a(lib_a-bsearch.o)
                0x000000000000e3f8                bsearch
 .text.__errno  0x000000000000e4c0       0x14 c:/devkitpro/devkita64/bin/../lib/gcc/aarch64-none-elf/7.3.0/../../../../aarch64-none-elf/lib/pic\libg.a(lib_a-errno.o)
                0x000000000000e4c0                __errno
 *fill*         0x000000000000e4d4        0x4 
 .text._fclose_r
                0x000000000000e4d8      0x18c c:/devkitpro/devkita64/bin/../lib/gcc/aarch64-none-elf/7.3.0/../../../../aarch64-none-elf/lib/pic\libg.a(lib_a-fclose.o)
                0x000000000000e4d8                _fclose_r
 *fill*         0x000000000000e664        0x4 
 .text.fclose   0x000000000000e668       0x24 c:/devkitpro/devkita64/bin/../lib/gcc/aarch64-none-elf/7.3.0/../../../../aarch64-none-elf/lib/pic\libg.a(lib_a-fclose.o)
                0x000000000000e668                fclose
 *fill*         0x000000000000e68c        0x4 
 .text.__sflush_r
                0x000000000000e690      0x278 c:/devkitpro/devkita64/bin/../lib/gcc/aarch64-none-elf/7.3.0/../../../../aarch64-none-elf/lib/pic\libg.a(lib_a-fflush.o)
                0x000000000000e690                __sflush_r
 .text._fflush_r
                0x000000000000e908       0xa4 c:/devkitpro/devkita64/bin/../lib/gcc/aarch64-none-elf/7.3.0/../../../../aarch64-none-elf/lib/pic\libg.a(lib_a-fflush.o)
                0x000000000000e908                _fflush_r
 *fill*         0x000000000000e9ac        0x4 
 .text.fflush   0x000000000000e9b0       0x40 c:/devkitpro/devkita64/bin/../lib/gcc/aarch64-none-elf/7.3.0/../../../../aarch64-none-elf/lib/pic\libg.a(lib_a-fflush.o)
                0x000000000000e9b0                fflush
 .text.std      0x000000000000e9f0       0x78 c:/devkitpro/devkita64/bin/../lib/gcc/aarch64-none-elf/7.3.0/../../../../aarch64-none-elf/lib/pic\libg.a(lib_a-findfp.o)
 .text._cleanup_r
                0x000000000000ea68        0xc c:/devkitpro/devkita64/bin/../lib/gcc/aarch64-none-elf/7.3.0/../../../../aarch64-none-elf/lib/pic\libg.a(lib_a-findfp.o)
                0x000000000000ea68                _cleanup_r
 *fill*         0x000000000000ea74        0x4 
 .text.__sfmoreglue
                0x000000000000ea78       0x60 c:/devkitpro/devkita64/bin/../lib/gcc/aarch64-none-elf/7.3.0/../../../../aarch64-none-elf/lib/pic\libg.a(lib_a-findfp.o)
                0x000000000000ea78                __sfmoreglue
 .text.__sfp_lock_acquire
                0x000000000000ead8        0xc c:/devkitpro/devkita64/bin/../lib/gcc/aarch64-none-elf/7.3.0/../../../../aarch64-none-elf/lib/pic\libg.a(lib_a-findfp.o)
                0x000000000000ead8                __sfp_lock_acquire
 *fill*         0x000000000000eae4        0x4 
 .text.__sfp_lock_release
                0x000000000000eae8        0xc c:/devkitpro/devkita64/bin/../lib/gcc/aarch64-none-elf/7.3.0/../../../../aarch64-none-elf/lib/pic\libg.a(lib_a-findfp.o)
                0x000000000000eae8                __sfp_lock_release
 *fill*         0x000000000000eaf4        0x4 
 .text.__sinit_lock_acquire
                0x000000000000eaf8        0xc c:/devkitpro/devkita64/bin/../lib/gcc/aarch64-none-elf/7.3.0/../../../../aarch64-none-elf/lib/pic\libg.a(lib_a-findfp.o)
                0x000000000000eaf8                __sinit_lock_acquire
 *fill*         0x000000000000eb04        0x4 
 .text.__sinit_lock_release
                0x000000000000eb08        0xc c:/devkitpro/devkita64/bin/../lib/gcc/aarch64-none-elf/7.3.0/../../../../aarch64-none-elf/lib/pic\libg.a(lib_a-findfp.o)
                0x000000000000eb08                __sinit_lock_release
 *fill*         0x000000000000eb14        0x4 
 .text.__sinit  0x000000000000eb18       0x80 c:/devkitpro/devkita64/bin/../lib/gcc/aarch64-none-elf/7.3.0/../../../../aarch64-none-elf/lib/pic\libg.a(lib_a-findfp.o)
                0x000000000000eb18                __sinit
 .text.__sfp    0x000000000000eb98      0x128 c:/devkitpro/devkita64/bin/../lib/gcc/aarch64-none-elf/7.3.0/../../../../aarch64-none-elf/lib/pic\libg.a(lib_a-findfp.o)
                0x000000000000eb98                __sfp
 .text.__libc_fini_array
                0x000000000000ecc0       0x44 c:/devkitpro/devkita64/bin/../lib/gcc/aarch64-none-elf/7.3.0/../../../../aarch64-none-elf/lib/pic\libg.a(lib_a-fini.o)
                0x000000000000ecc0                __libc_fini_array
 *fill*         0x000000000000ed04        0x4 
 .text._fopen_r
                0x000000000000ed08      0x158 c:/devkitpro/devkita64/bin/../lib/gcc/aarch64-none-elf/7.3.0/../../../../aarch64-none-elf/lib/pic\libg.a(lib_a-fopen.o)
                0x000000000000ed08                _fopen_r
 .text.fopen    0x000000000000ee60       0x2c c:/devkitpro/devkita64/bin/../lib/gcc/aarch64-none-elf/7.3.0/../../../../aarch64-none-elf/lib/pic\libg.a(lib_a-fopen.o)
                0x000000000000ee60                fopen
 *fill*         0x000000000000ee8c        0x4 
 .text._fread_r
                0x000000000000ee90      0x2f0 c:/devkitpro/devkita64/bin/../lib/gcc/aarch64-none-elf/7.3.0/../../../../aarch64-none-elf/lib/pic\libg.a(lib_a-fread.o)
                0x000000000000ee90                _fread_r
 .text.fread    0x000000000000f180       0x44 c:/devkitpro/devkita64/bin/../lib/gcc/aarch64-none-elf/7.3.0/../../../../aarch64-none-elf/lib/pic\libg.a(lib_a-fread.o)
                0x000000000000f180                fread
 *fill*         0x000000000000f1c4        0x4 
 .text._malloc_trim_r
                0x000000000000f1c8      0x11c c:/devkitpro/devkita64/bin/../lib/gcc/aarch64-none-elf/7.3.0/../../../../aarch64-none-elf/lib/pic\libg.a(lib_a-freer.o)
                0x000000000000f1c8                _malloc_trim_r
 *fill*         0x000000000000f2e4        0x4 
 .text._free_r  0x000000000000f2e8      0x314 c:/devkitpro/devkita64/bin/../lib/gcc/aarch64-none-elf/7.3.0/../../../../aarch64-none-elf/lib/pic\libg.a(lib_a-freer.o)
                0x000000000000f2e8                _free_r
 *fill*         0x000000000000f5fc        0x4 
 .text._fseek_r
                0x000000000000f600        0x4 c:/devkitpro/devkita64/bin/../lib/gcc/aarch64-none-elf/7.3.0/../../../../aarch64-none-elf/lib/pic\libg.a(lib_a-fseek.o)
                0x000000000000f600                _fseek_r
 *fill*         0x000000000000f604        0x4 
 .text.fseek    0x000000000000f608       0x3c c:/devkitpro/devkita64/bin/../lib/gcc/aarch64-none-elf/7.3.0/../../../../aarch64-none-elf/lib/pic\libg.a(lib_a-fseek.o)
                0x000000000000f608                fseek
 *fill*         0x000000000000f644        0x4 
 .text._fseeko_r
                0x000000000000f648      0x504 c:/devkitpro/devkita64/bin/../lib/gcc/aarch64-none-elf/7.3.0/../../../../aarch64-none-elf/lib/pic\libg.a(lib_a-fseeko.o)
                0x000000000000f648                _fseeko_r
 *fill*         0x000000000000fb4c        0x4 
 .text._fwalk   0x000000000000fb50       0xbc c:/devkitpro/devkita64/bin/../lib/gcc/aarch64-none-elf/7.3.0/../../../../aarch64-none-elf/lib/pic\libg.a(lib_a-fwalk.o)
                0x000000000000fb50                _fwalk
 *fill*         0x000000000000fc0c        0x4 
 .text._fwalk_reent
                0x000000000000fc10       0xcc c:/devkitpro/devkita64/bin/../lib/gcc/aarch64-none-elf/7.3.0/../../../../aarch64-none-elf/lib/pic\libg.a(lib_a-fwalk.o)
                0x000000000000fc10                _fwalk_reent
 *fill*         0x000000000000fcdc        0x4 
 .text._fwrite_r
                0x000000000000fce0      0x104 c:/devkitpro/devkita64/bin/../lib/gcc/aarch64-none-elf/7.3.0/../../../../aarch64-none-elf/lib/pic\libg.a(lib_a-fwrite.o)
                0x000000000000fce0                _fwrite_r
 *fill*         0x000000000000fde4        0x4 
 .text.fwrite   0x000000000000fde8       0x44 c:/devkitpro/devkita64/bin/../lib/gcc/aarch64-none-elf/7.3.0/../../../../aarch64-none-elf/lib/pic\libg.a(lib_a-fwrite.o)
                0x000000000000fde8                fwrite
 *fill*         0x000000000000fe2c        0x4 
 .text.__libc_init_array
                0x000000000000fe30       0x8c c:/devkitpro/devkita64/bin/../lib/gcc/aarch64-none-elf/7.3.0/../../../../aarch64-none-elf/lib/pic\libg.a(lib_a-init.o)
                0x000000000000fe30                __libc_init_array
 *fill*         0x000000000000febc        0x4 
 .text.iprintf  0x000000000000fec0       0x90 c:/devkitpro/devkita64/bin/../lib/gcc/aarch64-none-elf/7.3.0/../../../../aarch64-none-elf/lib/pic\libg.a(lib_a-iprintf.o)
                0x000000000000fec0                iprintf
 .text.__locale_mb_cur_max
                0x000000000000ff50       0x2c c:/devkitpro/devkita64/bin/../lib/gcc/aarch64-none-elf/7.3.0/../../../../aarch64-none-elf/lib/pic\libg.a(lib_a-locale.o)
                0x000000000000ff50                __locale_mb_cur_max
 *fill*         0x000000000000ff7c        0x4 
 .text.__locale_ctype_ptr_l
                0x000000000000ff80        0x8 c:/devkitpro/devkita64/bin/../lib/gcc/aarch64-none-elf/7.3.0/../../../../aarch64-none-elf/lib/pic\libg.a(lib_a-locale.o)
                0x000000000000ff80                __locale_ctype_ptr_l
 .text.__locale_ctype_ptr
                0x000000000000ff88       0x2c c:/devkitpro/devkita64/bin/../lib/gcc/aarch64-none-elf/7.3.0/../../../../aarch64-none-elf/lib/pic\libg.a(lib_a-locale.o)
                0x000000000000ff88                __locale_ctype_ptr
 *fill*         0x000000000000ffb4        0x4 
 .text.__swhatbuf_r
                0x000000000000ffb8       0xac c:/devkitpro/devkita64/bin/../lib/gcc/aarch64-none-elf/7.3.0/../../../../aarch64-none-elf/lib/pic\libg.a(lib_a-makebuf.o)
                0x000000000000ffb8                __swhatbuf_r
 *fill*         0x0000000000010064        0x4 
 .text.__smakebuf_r
                0x0000000000010068      0x110 c:/devkitpro/devkita64/bin/../lib/gcc/aarch64-none-elf/7.3.0/../../../../aarch64-none-elf/lib/pic\libg.a(lib_a-makebuf.o)
                0x0000000000010068                __smakebuf_r
 .text.memalign
                0x0000000000010178       0x2c c:/devkitpro/devkita64/bin/../lib/gcc/aarch64-none-elf/7.3.0/../../../../aarch64-none-elf/lib/pic\libg.a(lib_a-malign.o)
                0x0000000000010178                memalign
 *fill*         0x00000000000101a4        0x4 
 .text._memalign_r
                0x00000000000101a8      0x1ac c:/devkitpro/devkita64/bin/../lib/gcc/aarch64-none-elf/7.3.0/../../../../aarch64-none-elf/lib/pic\libg.a(lib_a-malignr.o)
                0x00000000000101a8                _memalign_r
 *fill*         0x0000000000010354        0x4 
 .text.malloc   0x0000000000010358       0x24 c:/devkitpro/devkita64/bin/../lib/gcc/aarch64-none-elf/7.3.0/../../../../aarch64-none-elf/lib/pic\libg.a(lib_a-malloc.o)
                0x0000000000010358                malloc
 *fill*         0x000000000001037c        0x4 
 .text.free     0x0000000000010380       0x24 c:/devkitpro/devkita64/bin/../lib/gcc/aarch64-none-elf/7.3.0/../../../../aarch64-none-elf/lib/pic\libg.a(lib_a-malloc.o)
                0x0000000000010380                free
 *fill*         0x00000000000103a4        0x4 
 .text._malloc_r
                0x00000000000103a8      0x8b4 c:/devkitpro/devkita64/bin/../lib/gcc/aarch64-none-elf/7.3.0/../../../../aarch64-none-elf/lib/pic\libg.a(lib_a-mallocr.o)
                0x00000000000103a8                _malloc_r
 *fill*         0x0000000000010c5c        0x4 
 .text.__utf8_mbtowc
                0x0000000000010c60      0x2d8 c:/devkitpro/devkita64/bin/../lib/gcc/aarch64-none-elf/7.3.0/../../../../aarch64-none-elf/lib/pic\libg.a(lib_a-mbtowc_r.o)
                0x0000000000010c60                __utf8_mbtowc
 .text          0x0000000000010f38       0xd8 c:/devkitpro/devkita64/bin/../lib/gcc/aarch64-none-elf/7.3.0/../../../../aarch64-none-elf/lib/pic\libg.a(lib_a-memchr.o)
                0x0000000000010f38                memchr
 *fill*         0x0000000000011010       0x30 
 .text          0x0000000000011040      0x16c c:/devkitpro/devkita64/bin/../lib/gcc/aarch64-none-elf/7.3.0/../../../../aarch64-none-elf/lib/pic\libg.a(lib_a-memcpy.o)
                0x0000000000011040                memcpy
 *fill*         0x00000000000111ac       0x14 
 .text          0x00000000000111c0      0x1d8 c:/devkitpro/devkita64/bin/../lib/gcc/aarch64-none-elf/7.3.0/../../../../aarch64-none-elf/lib/pic\libg.a(lib_a-memset.o)
                0x00000000000111c0                memset
 .text.__malloc_lock
                0x0000000000011398        0xc c:/devkitpro/devkita64/bin/../lib/gcc/aarch64-none-elf/7.3.0/../../../../aarch64-none-elf/lib/pic\libg.a(lib_a-mlock.o)
                0x0000000000011398                __malloc_lock
 *fill*         0x00000000000113a4        0x4 
 .text.__malloc_unlock
                0x00000000000113a8        0xc c:/devkitpro/devkita64/bin/../lib/gcc/aarch64-none-elf/7.3.0/../../../../aarch64-none-elf/lib/pic\libg.a(lib_a-mlock.o)
                0x00000000000113a8                __malloc_unlock
 *fill*         0x00000000000113b4        0x4 
 .text._perror_r
                0x00000000000113b8       0x74 c:/devkitpro/devkita64/bin/../lib/gcc/aarch64-none-elf/7.3.0/../../../../aarch64-none-elf/lib/pic\libg.a(lib_a-perror.o)
                0x00000000000113b8                _perror_r
 *fill*         0x000000000001142c        0x4 
 .text.perror   0x0000000000011430       0x24 c:/devkitpro/devkita64/bin/../lib/gcc/aarch64-none-elf/7.3.0/../../../../aarch64-none-elf/lib/pic\libg.a(lib_a-perror.o)
                0x0000000000011430                perror
 *fill*         0x0000000000011454        0x4 
 .text.printf   0x0000000000011458       0x90 c:/devkitpro/devkita64/bin/../lib/gcc/aarch64-none-elf/7.3.0/../../../../aarch64-none-elf/lib/pic\libg.a(lib_a-printf.o)
                0x0000000000011458                printf
 .text.putchar  0x00000000000114e8       0x28 c:/devkitpro/devkita64/bin/../lib/gcc/aarch64-none-elf/7.3.0/../../../../aarch64-none-elf/lib/pic\libg.a(lib_a-putchar.o)
                0x00000000000114e8                putchar
 .text._putc_r  0x0000000000011510       0xe4 c:/devkitpro/devkita64/bin/../lib/gcc/aarch64-none-elf/7.3.0/../../../../aarch64-none-elf/lib/pic\libg.a(lib_a-putc.o)
                0x0000000000011510                _putc_r
 *fill*         0x00000000000115f4        0x4 
 .text._puts_r  0x00000000000115f8       0xd4 c:/devkitpro/devkita64/bin/../lib/gcc/aarch64-none-elf/7.3.0/../../../../aarch64-none-elf/lib/pic\libg.a(lib_a-puts.o)
                0x00000000000115f8                _puts_r
 *fill*         0x00000000000116cc        0x4 
 .text.puts     0x00000000000116d0       0x24 c:/devkitpro/devkita64/bin/../lib/gcc/aarch64-none-elf/7.3.0/../../../../aarch64-none-elf/lib/pic\libg.a(lib_a-puts.o)
                0x00000000000116d0                puts
 *fill*         0x00000000000116f4        0x4 
 .text.lflush   0x00000000000116f8       0x24 c:/devkitpro/devkita64/bin/../lib/gcc/aarch64-none-elf/7.3.0/../../../../aarch64-none-elf/lib/pic\libg.a(lib_a-refill.o)
 *fill*         0x000000000001171c        0x4 
 .text.__srefill_r
                0x0000000000011720      0x1e8 c:/devkitpro/devkita64/bin/../lib/gcc/aarch64-none-elf/7.3.0/../../../../aarch64-none-elf/lib/pic\libg.a(lib_a-refill.o)
                0x0000000000011720                __srefill_r
 .text.setvbuf  0x0000000000011908      0x270 c:/devkitpro/devkita64/bin/../lib/gcc/aarch64-none-elf/7.3.0/../../../../aarch64-none-elf/lib/pic\libg.a(lib_a-setvbuf.o)
                0x0000000000011908                setvbuf
 .text.snprintf
                0x0000000000011b78      0x158 c:/devkitpro/devkita64/bin/../lib/gcc/aarch64-none-elf/7.3.0/../../../../aarch64-none-elf/lib/pic\libg.a(lib_a-snprintf.o)
                0x0000000000011b78                snprintf
 .text.sscanf   0x0000000000011cd0       0xc8 c:/devkitpro/devkita64/bin/../lib/gcc/aarch64-none-elf/7.3.0/../../../../aarch64-none-elf/lib/pic\libg.a(lib_a-sscanf.o)
                0x0000000000011cd0                sscanf
 .text.__sread  0x0000000000011d98       0x50 c:/devkitpro/devkita64/bin/../lib/gcc/aarch64-none-elf/7.3.0/../../../../aarch64-none-elf/lib/pic\libg.a(lib_a-stdio.o)
                0x0000000000011d98                __sread
 .text.__seofread
                0x0000000000011de8        0x8 c:/devkitpro/devkita64/bin/../lib/gcc/aarch64-none-elf/7.3.0/../../../../aarch64-none-elf/lib/pic\libg.a(lib_a-stdio.o)
                0x0000000000011de8                __seofread
 .text.__swrite
                0x0000000000011df0       0x68 c:/devkitpro/devkita64/bin/../lib/gcc/aarch64-none-elf/7.3.0/../../../../aarch64-none-elf/lib/pic\libg.a(lib_a-stdio.o)
                0x0000000000011df0                __swrite
 .text.__sseek  0x0000000000011e58       0x54 c:/devkitpro/devkita64/bin/../lib/gcc/aarch64-none-elf/7.3.0/../../../../aarch64-none-elf/lib/pic\libg.a(lib_a-stdio.o)
                0x0000000000011e58                __sseek
 *fill*         0x0000000000011eac        0x4 
 .text.__sclose
                0x0000000000011eb0        0x8 c:/devkitpro/devkita64/bin/../lib/gcc/aarch64-none-elf/7.3.0/../../../../aarch64-none-elf/lib/pic\libg.a(lib_a-stdio.o)
                0x0000000000011eb0                __sclose
 .text          0x0000000000011eb8       0xdc c:/devkitpro/devkita64/bin/../lib/gcc/aarch64-none-elf/7.3.0/../../../../aarch64-none-elf/lib/pic\libg.a(lib_a-strchr.o)
                0x0000000000011eb8                strchr
 *fill*         0x0000000000011f94       0x2c 
 .text          0x0000000000011fc0       0xa4 c:/devkitpro/devkita64/bin/../lib/gcc/aarch64-none-elf/7.3.0/../../../../aarch64-none-elf/lib/pic\libg.a(lib_a-strcmp.o)
                0x0000000000011fc0                strcmp
 *fill*         0x0000000000012064        0x4 
 .text._strerror_r
                0x0000000000012068      0x418 c:/devkitpro/devkita64/bin/../lib/gcc/aarch64-none-elf/7.3.0/../../../../aarch64-none-elf/lib/pic\libg.a(lib_a-strerror.o)
                0x0000000000012068                _strerror_r
 .text          0x0000000000012480      0x140 c:/devkitpro/devkita64/bin/../lib/gcc/aarch64-none-elf/7.3.0/../../../../aarch64-none-elf/lib/pic\libg.a(lib_a-strlen.o)
                0x0000000000012480                strlen
 .text.strncat  0x00000000000125c0       0x88 c:/devkitpro/devkita64/bin/../lib/gcc/aarch64-none-elf/7.3.0/../../../../aarch64-none-elf/lib/pic\libg.a(lib_a-strncat.o)
                0x00000000000125c0                strncat
 *fill*         0x0000000000012648       0x38 
 .text          0x0000000000012680      0x124 c:/devkitpro/devkita64/bin/../lib/gcc/aarch64-none-elf/7.3.0/../../../../aarch64-none-elf/lib/pic\libg.a(lib_a-strncmp.o)
                0x000000000001269c                strncmp
 *fill*         0x00000000000127a4        0x4 
 .text.strncpy  0x00000000000127a8       0xb4 c:/devkitpro/devkita64/bin/../lib/gcc/aarch64-none-elf/7.3.0/../../../../aarch64-none-elf/lib/pic\libg.a(lib_a-strncpy.o)
                0x00000000000127a8                strncpy
 *fill*         0x000000000001285c       0x24 
 .text          0x0000000000012880       0xe0 c:/devkitpro/devkita64/bin/../lib/gcc/aarch64-none-elf/7.3.0/../../../../aarch64-none-elf/lib/pic\libg.a(lib_a-strnlen.o)
                0x00000000000128a4                strnlen
 .text._strtol_l.isra.0
                0x0000000000012960      0x1d8 c:/devkitpro/devkita64/bin/../lib/gcc/aarch64-none-elf/7.3.0/../../../../aarch64-none-elf/lib/pic\libg.a(lib_a-strtol.o)
 .text._strtol_r
                0x0000000000012b38       0x58 c:/devkitpro/devkita64/bin/../lib/gcc/aarch64-none-elf/7.3.0/../../../../aarch64-none-elf/lib/pic\libg.a(lib_a-strtol.o)
                0x0000000000012b38                _strtol_r
 .text.get_arg  0x0000000000012b90      0x778 c:/devkitpro/devkita64/bin/../lib/gcc/aarch64-none-elf/7.3.0/../../../../aarch64-none-elf/lib/pic\libg.a(lib_a-svfprintf.o)
 .text._svfprintf_r
                0x0000000000013308     0x3afc c:/devkitpro/devkita64/bin/../lib/gcc/aarch64-none-elf/7.3.0/../../../../aarch64-none-elf/lib/pic\libg.a(lib_a-svfprintf.o)
                0x0000000000013308                _svfprintf_r
 .text.get_arg  0x0000000000016e04       0x5c c:/devkitpro/devkita64/bin/../lib/gcc/aarch64-none-elf/7.3.0/../../../../aarch64-none-elf/lib/pic\libg.a(lib_a-svfscanf.o)
 .text.__ssvfscanf_r
                0x0000000000016e60     0x2f30 c:/devkitpro/devkita64/bin/../lib/gcc/aarch64-none-elf/7.3.0/../../../../aarch64-none-elf/lib/pic\libg.a(lib_a-svfscanf.o)
                0x0000000000016e60                __ssvfscanf_r
 .text._user_strerror
                0x0000000000019d90        0x8 c:/devkitpro/devkita64/bin/../lib/gcc/aarch64-none-elf/7.3.0/../../../../aarch64-none-elf/lib/pic\libg.a(lib_a-u_strerr.o)
                0x0000000000019d90                _user_strerror
 .text.get_arg  0x0000000000019d98      0x778 c:/devkitpro/devkita64/bin/../lib/gcc/aarch64-none-elf/7.3.0/../../../../aarch64-none-elf/lib/pic\libg.a(lib_a-vfiprintf.o)
 .text.__sprint_r
                0x000000000001a510       0x3c c:/devkitpro/devkita64/bin/../lib/gcc/aarch64-none-elf/7.3.0/../../../../aarch64-none-elf/lib/pic\libg.a(lib_a-vfiprintf.o)
                0x000000000001a510                __sprint_r
 .text._vfiprintf_r
                0x000000000001a54c     0x2944 c:/devkitpro/devkita64/bin/../lib/gcc/aarch64-none-elf/7.3.0/../../../../aarch64-none-elf/lib/pic\libg.a(lib_a-vfiprintf.o)
                0x000000000001a54c                _vfiprintf_r
 .text.__sbprintf
                0x000000000001ce90       0xf4 c:/devkitpro/devkita64/bin/../lib/gcc/aarch64-none-elf/7.3.0/../../../../aarch64-none-elf/lib/pic\libg.a(lib_a-vfiprintf.o)
 .text.get_arg  0x000000000001cf84      0x778 c:/devkitpro/devkita64/bin/../lib/gcc/aarch64-none-elf/7.3.0/../../../../aarch64-none-elf/lib/pic\libg.a(lib_a-vfprintf.o)
 .text._vfprintf_r
                0x000000000001d6fc     0x3bc0 c:/devkitpro/devkita64/bin/../lib/gcc/aarch64-none-elf/7.3.0/../../../../aarch64-none-elf/lib/pic\libg.a(lib_a-vfprintf.o)
                0x000000000001d6fc                _vfprintf_r
 .text.__sbprintf
                0x00000000000212bc       0xf4 c:/devkitpro/devkita64/bin/../lib/gcc/aarch64-none-elf/7.3.0/../../../../aarch64-none-elf/lib/pic\libg.a(lib_a-vfprintf.o)
 .text.__swbuf_r
                0x00000000000213b0      0x12c c:/devkitpro/devkita64/bin/../lib/gcc/aarch64-none-elf/7.3.0/../../../../aarch64-none-elf/lib/pic\libg.a(lib_a-wbuf.o)
                0x00000000000213b0                __swbuf_r
 *fill*         0x00000000000214dc        0x4 
 .text._wcrtomb_r
                0x00000000000214e0       0xdc c:/devkitpro/devkita64/bin/../lib/gcc/aarch64-none-elf/7.3.0/../../../../aarch64-none-elf/lib/pic\libg.a(lib_a-wcrtomb.o)
                0x00000000000214e0                _wcrtomb_r
 *fill*         0x00000000000215bc        0x4 
 .text._wcsrtombs_r
                0x00000000000215c0       0x10 c:/devkitpro/devkita64/bin/../lib/gcc/aarch64-none-elf/7.3.0/../../../../aarch64-none-elf/lib/pic\libg.a(lib_a-wcsrtombs.o)
                0x00000000000215c0                _wcsrtombs_r
 .text.__utf8_wctomb
                0x00000000000215d0       0xe8 c:/devkitpro/devkita64/bin/../lib/gcc/aarch64-none-elf/7.3.0/../../../../aarch64-none-elf/lib/pic\libg.a(lib_a-wctomb_r.o)
                0x00000000000215d0                __utf8_wctomb
 .text.__swsetup_r
                0x00000000000216b8      0x13c c:/devkitpro/devkita64/bin/../lib/gcc/aarch64-none-elf/7.3.0/../../../../aarch64-none-elf/lib/pic\libg.a(lib_a-wsetup.o)
                0x00000000000216b8                __swsetup_r
 *fill*         0x00000000000217f4        0x4 
 .text.quorem   0x00000000000217f8      0x1b0 c:/devkitpro/devkita64/bin/../lib/gcc/aarch64-none-elf/7.3.0/../../../../aarch64-none-elf/lib/pic\libg.a(lib_a-dtoa.o)
 .text._dtoa_r  0x00000000000219a8     0x11c4 c:/devkitpro/devkita64/bin/../lib/gcc/aarch64-none-elf/7.3.0/../../../../aarch64-none-elf/lib/pic\libg.a(lib_a-dtoa.o)
                0x00000000000219a8                _dtoa_r
 *fill*         0x0000000000022b6c        0x4 
 .text.__sflags
                0x0000000000022b70       0xb0 c:/devkitpro/devkita64/bin/../lib/gcc/aarch64-none-elf/7.3.0/../../../../aarch64-none-elf/lib/pic\libg.a(lib_a-flags.o)
                0x0000000000022b70                __sflags
 .text.fputc    0x0000000000022c20       0xac c:/devkitpro/devkita64/bin/../lib/gcc/aarch64-none-elf/7.3.0/../../../../aarch64-none-elf/lib/pic\libg.a(lib_a-fputc.o)
                0x0000000000022c20                fputc
 *fill*         0x0000000000022ccc        0x4 
 .text._fputs_r
                0x0000000000022cd0       0xbc c:/devkitpro/devkita64/bin/../lib/gcc/aarch64-none-elf/7.3.0/../../../../aarch64-none-elf/lib/pic\libg.a(lib_a-fputs.o)
                0x0000000000022cd0                _fputs_r
 *fill*         0x0000000000022d8c        0x4 
 .text.fputs    0x0000000000022d90       0x2c c:/devkitpro/devkita64/bin/../lib/gcc/aarch64-none-elf/7.3.0/../../../../aarch64-none-elf/lib/pic\libg.a(lib_a-fputs.o)
                0x0000000000022d90                fputs
 *fill*         0x0000000000022dbc        0x4 
 .text.__sfvwrite_r
                0x0000000000022dc0      0x4f4 c:/devkitpro/devkita64/bin/../lib/gcc/aarch64-none-elf/7.3.0/../../../../aarch64-none-elf/lib/pic\libg.a(lib_a-fvwrite.o)
                0x0000000000022dc0                __sfvwrite_r
 *fill*         0x00000000000232b4        0x4 
 .text.iswspace
                0x00000000000232b8       0x80 c:/devkitpro/devkita64/bin/../lib/gcc/aarch64-none-elf/7.3.0/../../../../aarch64-none-elf/lib/pic\libg.a(lib_a-iswspace.o)
                0x00000000000232b8                iswspace
 .text.__jp2uc  0x0000000000023338      0x24c c:/devkitpro/devkita64/bin/../lib/gcc/aarch64-none-elf/7.3.0/../../../../aarch64-none-elf/lib/pic\libg.a(lib_a-jp2uc.o)
 *fill*         0x0000000000023584        0x4 
 .text._jp2uc   0x0000000000023588       0xd0 c:/devkitpro/devkita64/bin/../lib/gcc/aarch64-none-elf/7.3.0/../../../../aarch64-none-elf/lib/pic\libg.a(lib_a-jp2uc.o)
                0x0000000000023588                _jp2uc
 .text.__localeconv_l
                0x0000000000023658        0x8 c:/devkitpro/devkita64/bin/../lib/gcc/aarch64-none-elf/7.3.0/../../../../aarch64-none-elf/lib/pic\libg.a(lib_a-localeconv.o)
                0x0000000000023658                __localeconv_l
 .text._localeconv_r
                0x0000000000023660       0x28 c:/devkitpro/devkita64/bin/../lib/gcc/aarch64-none-elf/7.3.0/../../../../aarch64-none-elf/lib/pic\libg.a(lib_a-localeconv.o)
                0x0000000000023660                _localeconv_r
 .text._mbrtowc_r
                0x0000000000023688       0xf4 c:/devkitpro/devkita64/bin/../lib/gcc/aarch64-none-elf/7.3.0/../../../../aarch64-none-elf/lib/pic\libg.a(lib_a-mbrtowc.o)
                0x0000000000023688                _mbrtowc_r
 *fill*         0x000000000002377c        0x4 
 .text          0x0000000000023780       0xac c:/devkitpro/devkita64/bin/../lib/gcc/aarch64-none-elf/7.3.0/../../../../aarch64-none-elf/lib/pic\libg.a(lib_a-memmove.o)
                0x0000000000023780                memmove
 *fill*         0x000000000002382c        0x4 
 .text._Balloc  0x0000000000023830       0xa4 c:/devkitpro/devkita64/bin/../lib/gcc/aarch64-none-elf/7.3.0/../../../../aarch64-none-elf/lib/pic\libg.a(lib_a-mprec.o)
                0x0000000000023830                _Balloc
 *fill*         0x00000000000238d4        0x4 
 .text._Bfree   0x00000000000238d8       0x1c c:/devkitpro/devkita64/bin/../lib/gcc/aarch64-none-elf/7.3.0/../../../../aarch64-none-elf/lib/pic\libg.a(lib_a-mprec.o)
                0x00000000000238d8                _Bfree
 *fill*         0x00000000000238f4        0x4 
 .text.__multadd
                0x00000000000238f8       0xe0 c:/devkitpro/devkita64/bin/../lib/gcc/aarch64-none-elf/7.3.0/../../../../aarch64-none-elf/lib/pic\libg.a(lib_a-mprec.o)
                0x00000000000238f8                __multadd
 .text.__s2b    0x00000000000239d8      0x120 c:/devkitpro/devkita64/bin/../lib/gcc/aarch64-none-elf/7.3.0/../../../../aarch64-none-elf/lib/pic\libg.a(lib_a-mprec.o)
                0x00000000000239d8                __s2b
 .text.__hi0bits
                0x0000000000023af8       0x5c c:/devkitpro/devkita64/bin/../lib/gcc/aarch64-none-elf/7.3.0/../../../../aarch64-none-elf/lib/pic\libg.a(lib_a-mprec.o)
                0x0000000000023af8                __hi0bits
 *fill*         0x0000000000023b54        0x4 
 .text.__lo0bits
                0x0000000000023b58       0xa8 c:/devkitpro/devkita64/bin/../lib/gcc/aarch64-none-elf/7.3.0/../../../../aarch64-none-elf/lib/pic\libg.a(lib_a-mprec.o)
                0x0000000000023b58                __lo0bits
 .text.__i2b    0x0000000000023c00       0x2c c:/devkitpro/devkita64/bin/../lib/gcc/aarch64-none-elf/7.3.0/../../../../aarch64-none-elf/lib/pic\libg.a(lib_a-mprec.o)
                0x0000000000023c00                __i2b
 *fill*         0x0000000000023c2c        0x4 
 .text.__multiply
                0x0000000000023c30      0x1d8 c:/devkitpro/devkita64/bin/../lib/gcc/aarch64-none-elf/7.3.0/../../../../aarch64-none-elf/lib/pic\libg.a(lib_a-mprec.o)
                0x0000000000023c30                __multiply
 .text.__pow5mult
                0x0000000000023e08      0x108 c:/devkitpro/devkita64/bin/../lib/gcc/aarch64-none-elf/7.3.0/../../../../aarch64-none-elf/lib/pic\libg.a(lib_a-mprec.o)
                0x0000000000023e08                __pow5mult
 .text.__lshift
                0x0000000000023f10      0x144 c:/devkitpro/devkita64/bin/../lib/gcc/aarch64-none-elf/7.3.0/../../../../aarch64-none-elf/lib/pic\libg.a(lib_a-mprec.o)
                0x0000000000023f10                __lshift
 *fill*         0x0000000000024054        0x4 
 .text.__mcmp   0x0000000000024058       0x54 c:/devkitpro/devkita64/bin/../lib/gcc/aarch64-none-elf/7.3.0/../../../../aarch64-none-elf/lib/pic\libg.a(lib_a-mprec.o)
                0x0000000000024058                __mcmp
 *fill*         0x00000000000240ac        0x4 
 .text.__mdiff  0x00000000000240b0      0x164 c:/devkitpro/devkita64/bin/../lib/gcc/aarch64-none-elf/7.3.0/../../../../aarch64-none-elf/lib/pic\libg.a(lib_a-mprec.o)
                0x00000000000240b0                __mdiff
 *fill*         0x0000000000024214        0x4 
 .text.__ulp    0x0000000000024218       0x74 c:/devkitpro/devkita64/bin/../lib/gcc/aarch64-none-elf/7.3.0/../../../../aarch64-none-elf/lib/pic\libg.a(lib_a-mprec.o)
                0x0000000000024218                __ulp
 *fill*         0x000000000002428c        0x4 
 .text.__b2d    0x0000000000024290      0x154 c:/devkitpro/devkita64/bin/../lib/gcc/aarch64-none-elf/7.3.0/../../../../aarch64-none-elf/lib/pic\libg.a(lib_a-mprec.o)
                0x0000000000024290                __b2d
 *fill*         0x00000000000243e4        0x4 
 .text.__d2b    0x00000000000243e8      0x12c c:/devkitpro/devkita64/bin/../lib/gcc/aarch64-none-elf/7.3.0/../../../../aarch64-none-elf/lib/pic\libg.a(lib_a-mprec.o)
                0x00000000000243e8                __d2b
 *fill*         0x0000000000024514        0x4 
 .text.__ratio  0x0000000000024518       0xa0 c:/devkitpro/devkita64/bin/../lib/gcc/aarch64-none-elf/7.3.0/../../../../aarch64-none-elf/lib/pic\libg.a(lib_a-mprec.o)
                0x0000000000024518                __ratio
 .text.__copybits
                0x00000000000245b8       0x68 c:/devkitpro/devkita64/bin/../lib/gcc/aarch64-none-elf/7.3.0/../../../../aarch64-none-elf/lib/pic\libg.a(lib_a-mprec.o)
                0x00000000000245b8                __copybits
 .text.__any_on
                0x0000000000024620       0x88 c:/devkitpro/devkita64/bin/../lib/gcc/aarch64-none-elf/7.3.0/../../../../aarch64-none-elf/lib/pic\libg.a(lib_a-mprec.o)
                0x0000000000024620                __any_on
 .text.realloc  0x00000000000246a8       0x2c c:/devkitpro/devkita64/bin/../lib/gcc/aarch64-none-elf/7.3.0/../../../../aarch64-none-elf/lib/pic\libg.a(lib_a-realloc.o)
                0x00000000000246a8                realloc
 *fill*         0x00000000000246d4        0x4 
 .text._realloc_r
                0x00000000000246d8      0x55c c:/devkitpro/devkita64/bin/../lib/gcc/aarch64-none-elf/7.3.0/../../../../aarch64-none-elf/lib/pic\libg.a(lib_a-reallocr.o)
                0x00000000000246d8                _realloc_r
 *fill*         0x0000000000024c34        0x4 
 .text.__sccl   0x0000000000024c38       0xb4 c:/devkitpro/devkita64/bin/../lib/gcc/aarch64-none-elf/7.3.0/../../../../aarch64-none-elf/lib/pic\libg.a(lib_a-sccl.o)
                0x0000000000024c38                __sccl
 *fill*         0x0000000000024cec        0x4 
 .text.nanf     0x0000000000024cf0        0xc c:/devkitpro/devkita64/bin/../lib/gcc/aarch64-none-elf/7.3.0/../../../../aarch64-none-elf/lib/pic\libg.a(lib_a-sf_nan.o)
                0x0000000000024cf0                nanf
 *fill*         0x0000000000024cfc        0x4 
 .text.frexp    0x0000000000024d00       0x94 c:/devkitpro/devkita64/bin/../lib/gcc/aarch64-none-elf/7.3.0/../../../../aarch64-none-elf/lib/pic\libg.a(lib_a-s_frexp.o)
                0x0000000000024d00                frexp
 *fill*         0x0000000000024d94        0x4 
 .text.sprintf  0x0000000000024d98       0xb0 c:/devkitpro/devkita64/bin/../lib/gcc/aarch64-none-elf/7.3.0/../../../../aarch64-none-elf/lib/pic\libg.a(lib_a-sprintf.o)
                0x0000000000024d98                sprintf
 .text.stpncpy  0x0000000000024e48       0xc8 c:/devkitpro/devkita64/bin/../lib/gcc/aarch64-none-elf/7.3.0/../../../../aarch64-none-elf/lib/pic\libg.a(lib_a-stpncpy.o)
                0x0000000000024e48                stpncpy
 .text._strtod_l
                0x0000000000024f10     0x1110 c:/devkitpro/devkita64/bin/../lib/gcc/aarch64-none-elf/7.3.0/../../../../aarch64-none-elf/lib/pic\libg.a(lib_a-strtod.o)
                0x0000000000024f10                _strtod_l
 .text._strtod_r
                0x0000000000026020       0x50 c:/devkitpro/devkita64/bin/../lib/gcc/aarch64-none-elf/7.3.0/../../../../aarch64-none-elf/lib/pic\libg.a(lib_a-strtod.o)
                0x0000000000026020                _strtod_r
 .text._strtoll_l.isra.0
                0x0000000000026070      0x1d8 c:/devkitpro/devkita64/bin/../lib/gcc/aarch64-none-elf/7.3.0/../../../../aarch64-none-elf/lib/pic\libg.a(lib_a-strtoll.o)
 .text._strtoll_r
                0x0000000000026248       0x58 c:/devkitpro/devkita64/bin/../lib/gcc/aarch64-none-elf/7.3.0/../../../../aarch64-none-elf/lib/pic\libg.a(lib_a-strtoll.o)
                0x0000000000026248                _strtoll_r
 .text._strtoull_l.isra.0
                0x00000000000262a0      0x1e0 c:/devkitpro/devkita64/bin/../lib/gcc/aarch64-none-elf/7.3.0/../../../../aarch64-none-elf/lib/pic\libg.a(lib_a-strtoull.o)
 .text._strtoull_r
                0x0000000000026480       0x58 c:/devkitpro/devkita64/bin/../lib/gcc/aarch64-none-elf/7.3.0/../../../../aarch64-none-elf/lib/pic\libg.a(lib_a-strtoull.o)
                0x0000000000026480                _strtoull_r
 .text._strtoul_l.isra.0
                0x00000000000264d8      0x1e0 c:/devkitpro/devkita64/bin/../lib/gcc/aarch64-none-elf/7.3.0/../../../../aarch64-none-elf/lib/pic\libg.a(lib_a-strtoul.o)
 .text._strtoul_r
                0x00000000000266b8       0x58 c:/devkitpro/devkita64/bin/../lib/gcc/aarch64-none-elf/7.3.0/../../../../aarch64-none-elf/lib/pic\libg.a(lib_a-strtoul.o)
                0x00000000000266b8                _strtoul_r
 .text.__ssprint_r
                0x0000000000026710      0x1c0 c:/devkitpro/devkita64/bin/../lib/gcc/aarch64-none-elf/7.3.0/../../../../aarch64-none-elf/lib/pic\libg.a(lib_a-svfiprintf.o)
                0x0000000000026710                __ssprint_r
 .text._sungetc_r
                0x00000000000268d0       0xf4 c:/devkitpro/devkita64/bin/../lib/gcc/aarch64-none-elf/7.3.0/../../../../aarch64-none-elf/lib/pic\libg.a(lib_a-svfiscanf.o)
                0x00000000000268d0                _sungetc_r
 .text.__ssrefill_r
                0x00000000000269c4       0x70 c:/devkitpro/devkita64/bin/../lib/gcc/aarch64-none-elf/7.3.0/../../../../aarch64-none-elf/lib/pic\libg.a(lib_a-svfiscanf.o)
                0x00000000000269c4                __ssrefill_r
 .text._sfread_r
                0x0000000000026a34       0xcc c:/devkitpro/devkita64/bin/../lib/gcc/aarch64-none-elf/7.3.0/../../../../aarch64-none-elf/lib/pic\libg.a(lib_a-svfiscanf.o)
                0x0000000000026a34                _sfread_r
 .text.__submore
                0x0000000000026b00       0xd8 c:/devkitpro/devkita64/bin/../lib/gcc/aarch64-none-elf/7.3.0/../../../../aarch64-none-elf/lib/pic\libg.a(lib_a-ungetc.o)
                0x0000000000026b00                __submore
 .text._wcsnrtombs_l
                0x0000000000026bd8      0x1d4 c:/devkitpro/devkita64/bin/../lib/gcc/aarch64-none-elf/7.3.0/../../../../aarch64-none-elf/lib/pic\libg.a(lib_a-wcsnrtombs.o)
                0x0000000000026bd8                _wcsnrtombs_l
 *fill*         0x0000000000026dac        0x4 
 .text._wcsnrtombs_r
                0x0000000000026db0       0x74 c:/devkitpro/devkita64/bin/../lib/gcc/aarch64-none-elf/7.3.0/../../../../aarch64-none-elf/lib/pic\libg.a(lib_a-wcsnrtombs.o)
                0x0000000000026db0                _wcsnrtombs_r
 *fill*         0x0000000000026e24        0x4 
 .text._calloc_r
                0x0000000000026e28       0x90 c:/devkitpro/devkita64/bin/../lib/gcc/aarch64-none-elf/7.3.0/../../../../aarch64-none-elf/lib/pic\libg.a(lib_a-callocr.o)
                0x0000000000026e28                _calloc_r
 .text.rshift   0x0000000000026eb8       0xf0 c:/devkitpro/devkita64/bin/../lib/gcc/aarch64-none-elf/7.3.0/../../../../aarch64-none-elf/lib/pic\libg.a(lib_a-gdtoa-gethex.o)
 .text.__gethex
                0x0000000000026fa8      0x7c0 c:/devkitpro/devkita64/bin/../lib/gcc/aarch64-none-elf/7.3.0/../../../../aarch64-none-elf/lib/pic\libg.a(lib_a-gdtoa-gethex.o)
                0x0000000000026fa8                __gethex
 .text.__match  0x0000000000027768       0x48 c:/devkitpro/devkita64/bin/../lib/gcc/aarch64-none-elf/7.3.0/../../../../aarch64-none-elf/lib/pic\libg.a(lib_a-gdtoa-hexnan.o)
                0x0000000000027768                __match
 .text.__hexnan